Component: ARM Compiler 5.05 update 1 (build 106) Tool: armlink [4d0efa]

==============================================================================

Section Cross References

    main.o(i.main) refers to misc.o(i.NVIC_PriorityGroupConfig) for NVIC_PriorityGroupConfig
    main.o(i.main) refers to delay.o(i.delay_init) for delay_init
    main.o(i.main) refers to usart.o(i.USART2_Init) for USART2_Init
    main.o(i.main) refers to usart.o(i.UART4_Init) for UART4_Init
    main.o(i.main) refers to limit_switch.o(i.exit_init) for exit_init
    main.o(i.main) refers to step_motor.o(i.Stmo_Init) for Stmo_Init
    main.o(i.main) refers to servo.o(i.Servo_Init) for Servo_Init
    main.o(i.main) refers to push.o(i.PUSH_Init) for PUSH_Init
    main.o(i.main) refers to step_motor.o(i.step_motor_init) for step_motor_init
    main.o(i.main) refers to key.o(i.KEY_Init) for KEY_Init
    main.o(i.main) refers to stm32f10x_usart.o(i.USART_GetITStatus) for USART_GetITStatus
    main.o(i.main) refers to stm32f10x_usart.o(i.USART_ReceiveData) for USART_ReceiveData
    main.o(i.main) refers to push.o(i.PUSH_True) for PUSH_True
    main.o(i.main) refers to delay.o(i.delay_s) for delay_s
    main.o(i.main) refers to push.o(i.PUSH_False) for PUSH_False
    main.o(i.main) refers to step_motor.o(i.STEP_M) for STEP_M
    main.o(i.main) refers to servo.o(i.servo2_go) for servo2_go
    main.o(i.main) refers to delay.o(i.delay_ms) for delay_ms
    main.o(i.main) refers to usart.o(.data) for USART_RX_STA
    main.o(i.main) refers to usart.o(.bss) for USART_RX_BUF
    system_stm32f10x.o(i.SetSysClock) refers to system_stm32f10x.o(i.SetSysClockTo72) for SetSysClockTo72
    system_stm32f10x.o(i.SystemCoreClockUpdate) refers to system_stm32f10x.o(.data) for SystemCoreClock
    system_stm32f10x.o(i.SystemInit) refers to system_stm32f10x.o(i.SetSysClock) for SetSysClock
    step_motor.o(i.STEP_M) refers to delay.o(i.delay_us) for delay_us
    step_motor.o(i.STEP_M) refers to limit_switch.o(.data) for dir_flag
    step_motor.o(i.Stmo_Init) refers to stm32f10x_rcc.o(i.RCC_APB2PeriphClockCmd) for RCC_APB2PeriphClockCmd
    step_motor.o(i.Stmo_Init) refers to stm32f10x_gpio.o(i.GPIO_Init) for GPIO_Init
    step_motor.o(i.step_motor_init) refers to push.o(i.PUSH_False) for PUSH_False
    step_motor.o(i.step_motor_init) refers to delay.o(i.delay_s) for delay_s
    step_motor.o(i.step_motor_init) refers to servo.o(i.servo2_go) for servo2_go
    step_motor.o(i.step_motor_init) refers to step_motor.o(i.STEP_M) for STEP_M
    step_motor.o(i.step_motor_init) refers to limit_switch.o(.data) for dir_flag
    servo.o(i.Servo_Init) refers to stm32f10x_rcc.o(i.RCC_APB1PeriphClockCmd) for RCC_APB1PeriphClockCmd
    servo.o(i.Servo_Init) refers to stm32f10x_rcc.o(i.RCC_APB2PeriphClockCmd) for RCC_APB2PeriphClockCmd
    servo.o(i.Servo_Init) refers to stm32f10x_gpio.o(i.GPIO_Init) for GPIO_Init
    servo.o(i.Servo_Init) refers to stm32f10x_tim.o(i.TIM_TimeBaseInit) for TIM_TimeBaseInit
    servo.o(i.Servo_Init) refers to stm32f10x_tim.o(i.TIM_OC2Init) for TIM_OC2Init
    servo.o(i.Servo_Init) refers to stm32f10x_tim.o(i.TIM_OC2PreloadConfig) for TIM_OC2PreloadConfig
    servo.o(i.Servo_Init) refers to stm32f10x_tim.o(i.TIM_OC1Init) for TIM_OC1Init
    servo.o(i.Servo_Init) refers to stm32f10x_tim.o(i.TIM_OC1PreloadConfig) for TIM_OC1PreloadConfig
    servo.o(i.Servo_Init) refers to stm32f10x_tim.o(i.TIM_Cmd) for TIM_Cmd
    servo.o(i.servo1) refers to dflt_clz.o(x$fpl$dfltu) for __aeabi_ui2d
    servo.o(i.servo1) refers to ddiv.o(x$fpl$ddiv) for __aeabi_ddiv
    servo.o(i.servo1) refers to daddsub_clz.o(x$fpl$drsb) for __aeabi_drsub
    servo.o(i.servo1) refers to dfixu.o(x$fpl$dfixu) for __aeabi_d2uiz
    servo.o(i.servo1) refers to stm32f10x_tim.o(i.TIM_SetCompare1) for TIM_SetCompare1
    servo.o(i.servo1_go) refers to dflt_clz.o(x$fpl$dfltu) for __aeabi_ui2d
    servo.o(i.servo1_go) refers to ddiv.o(x$fpl$ddiv) for __aeabi_ddiv
    servo.o(i.servo1_go) refers to daddsub_clz.o(x$fpl$drsb) for __aeabi_drsub
    servo.o(i.servo1_go) refers to dfixu.o(x$fpl$dfixu) for __aeabi_d2uiz
    servo.o(i.servo1_go) refers to stm32f10x_tim.o(i.TIM_SetCompare1) for TIM_SetCompare1
    servo.o(i.servo1_go) refers to delay.o(i.delay_ms) for delay_ms
    servo.o(i.servo2) refers to dflt_clz.o(x$fpl$dfltu) for __aeabi_ui2d
    servo.o(i.servo2) refers to ddiv.o(x$fpl$ddiv) for __aeabi_ddiv
    servo.o(i.servo2) refers to daddsub_clz.o(x$fpl$drsb) for __aeabi_drsub
    servo.o(i.servo2) refers to dfixu.o(x$fpl$dfixu) for __aeabi_d2uiz
    servo.o(i.servo2) refers to stm32f10x_tim.o(i.TIM_SetCompare2) for TIM_SetCompare2
    servo.o(i.servo2_go) refers to dflt_clz.o(x$fpl$dfltu) for __aeabi_ui2d
    servo.o(i.servo2_go) refers to ddiv.o(x$fpl$ddiv) for __aeabi_ddiv
    servo.o(i.servo2_go) refers to daddsub_clz.o(x$fpl$drsb) for __aeabi_drsub
[...]
    __rt_lib_init_heap_1                     0x08000209   Thumb Code     0  libinit2.o(.ARM.Collect$$libinit$$0000000A)
    __rt_lib_init_lc_collate_1               0x08000209   Thumb Code     0  libinit2.o(.ARM.Collect$$libinit$$00000011)
    __rt_lib_init_lc_ctype_1                 0x08000209   Thumb Code     0  libinit2.o(.ARM.Collect$$libinit$$00000013)
    __rt_lib_init_lc_monetary_1              0x08000209   Thumb Code     0  libinit2.o(.ARM.Collect$$libinit$$00000015)
    __rt_lib_init_lc_numeric_1               0x08000209   Thumb Code     0  libinit2.o(.ARM.Collect$$libinit$$00000017)
    __rt_lib_init_lc_time_1                  0x08000209   Thumb Code     0  libinit2.o(.ARM.Collect$$libinit$$00000019)
    __rt_lib_init_preinit_1                  0x08000209   Thumb Code     0  libinit2.o(.ARM.Collect$$libinit$$00000004)
    __rt_lib_init_rand_1                     0x08000209   Thumb Code     0  libinit2.o(.ARM.Collect$$libinit$$0000000E)
    __rt_lib_init_return                     0x08000209   Thumb Code     0  libinit2.o(.ARM.Collect$$libinit$$00000033)
    __rt_lib_init_signal_1                   0x08000209   Thumb Code     0  libinit2.o(.ARM.Collect$$libinit$$0000001D)
    __rt_lib_init_stdio_1                    0x08000209   Thumb Code     0  libinit2.o(.ARM.Collect$$libinit$$00000025)
    __rt_lib_init_user_alloc_1               0x08000209   Thumb Code     0  libinit2.o(.ARM.Collect$$libinit$$0000000C)
    __rt_lib_shutdown                        0x0800020b   Thumb Code     0  libshutdown.o(.ARM.Collect$$libshutdown$$00000000)
    __rt_lib_shutdown_fp_trap_1              0x0800020d   Thumb Code     0  libshutdown2.o(.ARM.Collect$$libshutdown$$00000006)
    __rt_lib_shutdown_heap_1                 0x0800020d   Thumb Code     0  libshutdown2.o(.ARM.Collect$$libshutdown$$0000000E)
    __rt_lib_shutdown_return                 0x0800020d   Thumb Code     0  libshutdown2.o(.ARM.Collect$$libshutdown$$0000000F)
    __rt_lib_shutdown_signal_1               0x0800020d   Thumb Code     0  libshutdown2.o(.ARM.Collect$$libshutdown$$00000009)
    __rt_lib_shutdown_stdio_1                0x0800020d   Thumb Code     0  libshutdown2.o(.ARM.Collect$$libshutdown$$00000003)
    __rt_lib_shutdown_user_alloc_1           0x0800020d   Thumb Code     0  libshutdown2.o(.ARM.Collect$$libshutdown$$0000000B)
    __rt_entry                               0x0800020f   Thumb Code     0  __rtentry.o(.ARM.Collect$$rtentry$$00000000)
    __rt_entry_presh_1                       0x0800020f   Thumb Code     0  __rtentry2.o(.ARM.Collect$$rtentry$$00000002)
    __rt_entry_sh                            0x0800020f   Thumb Code     0  __rtentry4.o(.ARM.Collect$$rtentry$$00000004)
    __rt_entry_li                            0x08000215   Thumb Code     0  __rtentry2.o(.ARM.Collect$$rtentry$$0000000A)
    __rt_entry_postsh_1                      0x08000215   Thumb Code     0  __rtentry2.o(.ARM.Collect$$rtentry$$00000009)
    __rt_entry_main                          0x08000219   Thumb Code     0  __rtentry2.o(.ARM.Collect$$rtentry$$0000000D)
    __rt_entry_postli_1                      0x08000219   Thumb Code     0  __rtentry2.o(.ARM.Collect$$rtentry$$0000000C)
    __rt_exit                                0x08000221   Thumb Code     0  rtexit.o(.ARM.Collect$$rtexit$$00000000)
    __rt_exit_ls                             0x08000223   Thumb Code     0  rtexit2.o(.ARM.Collect$$rtexit$$00000003)
    __rt_exit_prels_1                        0x08000223   Thumb Code     0  rtexit2.o(.ARM.Collect$$rtexit$$00000002)
    __rt_exit_exit                           0x08000227   Thumb Code     0  rtexit2.o(.ARM.Collect$$rtexit$$00000004)
    Reset_Handler                            0x0800022d   Thumb Code     8  startup_stm32f10x_hd.o(.text)
    ADC1_2_IRQHandler                        0x08000247   Thumb Code     0  startup_stm32f10x_hd.o(.text)
    ADC3_IRQHandler                          0x08000247   Thumb Code     0  startup_stm32f10x_hd.o(.text)
    CAN1_RX1_IRQHandler                      0x08000247   Thumb Code     0  startup_stm32f10x_hd.o(.text)
    CAN1_SCE_IRQHandler                      0x08000247   Thumb Code     0  startup_stm32f10x_hd.o(.text)
    DMA1_Channel1_IRQHandler                 0x08000247   Thumb Code     0  startup_stm32f10x_hd.o(.text)
    DMA1_Channel2_IRQHandler                 0x08000247   Thumb Code     0  startup_stm32f10x_hd.o(.text)
    DMA1_Channel3_IRQHandler                 0x08000247   Thumb Code     0  startup_stm32f10x_hd.o(.text)
    DMA1_Channel4_IRQHandler                 0x08000247   Thumb Code     0  startup_stm32f10x_hd.o(.text)
    DMA1_Channel5_IRQHandler                 0x08000247   Thumb Code     0  startup_stm32f10x_hd.o(.text)
    DMA1_Channel6_IRQHandler                 0x08000247   Thumb Code     0  startup_stm32f10x_hd.o(.text)
    DMA1_Channel7_IRQHandler                 0x08000247   Thumb Code     0  startup_stm32f10x_hd.o(.text)
    DMA2_Channel1_IRQHandler                 0x08000247   Thumb Code     0  startup_stm32f10x_hd.o(.text)
    DMA2_Channel2_IRQHandler                 0x08000247   Thumb Code     0  startup_stm32f10x_hd.o(.text)
    DMA2_Channel3_IRQHandler                 0x08000247   Thumb Code     0  startup_stm32f10x_hd.o(.text)
    DMA2_Channel4_5_IRQHandler               0x08000247   Thumb Code     0  startup_stm32f10x_hd.o(.text)
    EXTI0_IRQHandler                         0x08000247   Thumb Code     0  startup_stm32f10x_hd.o(.text)
    EXTI15_10_IRQHandler                     0x08000247   Thumb Code     0  startup_stm32f10x_hd.o(.text)
    EXTI1_IRQHandler                         0x08000247   Thumb Code     0  startup_stm32f10x_hd.o(.text)
    EXTI4_IRQHandler                         0x08000247   Thumb Code     0  startup_stm32f10x_hd.o(.text)
    EXTI9_5_IRQHandler                       0x08000247   Thumb Code     0  startup_stm32f10x_hd.o(.text)
    FLASH_IRQHandler                         0x08000247   Thumb Code     0  startup_stm32f10x_hd.o(.text)
    FSMC_IRQHandler                          0x08000247   Thumb Code     0  startup_stm32f10x_hd.o(.text)
    I2C1_ER_IRQHandler                       0x08000247   Thumb Code     0  startup_stm32f10x_hd.o(.text)
    I2C1_EV_IRQHandler                       0x08000247   Thumb Code     0  startup_stm32f10x_hd.o(.text)
    I2C2_ER_IRQHandler                       0x08000247   Thumb Code     0  startup_stm32f10x_hd.o(.text)
    I2C2_EV_IRQHandler                       0x08000247   Thumb Code     0  startup_stm32f10x_hd.o(.text)
    PVD_IRQHandler                           0x08000247   Thumb Code     0  startup_stm32f10x_hd.o(.text)
    RCC_IRQHandler                           0x08000247   Thumb Code     0  startup_stm32f10x_hd.o(.text)
    RTCAlarm_IRQHandler                      0x08000247   Thumb Code     0  startup_stm32f10x_hd.o(.text)
    RTC_IRQHandler                           0x08000247   Thumb Code     0  startup_stm32f10x_hd.o(.text)
    SPI1_IRQHandler                          0x08000247   Thumb Code     0  startup_stm32f10x_hd.o(.text)
    SPI2_IRQHandler                          0x08000247   Thumb Code     0  startup_stm32f10x_hd.o(.text)
    SPI3_IRQHandler                          0x08000247   Thumb Code     0  startup_stm32f10x_hd.o(.text)
    TAMPER_IRQHandler                        0x08000247   Thumb Code     0  startup_stm32f10x_hd.o(.text)
    TIM1_BRK_IRQHandler                      0x08000247   Thumb Code     0  startup_stm32f10x_hd.o(.text)
    TIM1_CC_IRQHandler                       0x08000247   Thumb Code     0  startup_stm32f10x_hd.o(.text)
    TIM1_TRG_COM_IRQHandler                  0x08000247   Thumb Code     0  startup_stm32f10x_hd.o(.text)
    TIM1_UP_IRQHandler                       0x08000247   Thumb Code     0  startup_stm32f10x_hd.o(.text)
    TIM2_IRQHandler                          0x08000247   Thumb Code     0  startup_stm32f10x_hd.o(.text)
    TIM3_IRQHandler                          0x08000247   Thumb Code     0  startup_stm32f10x_hd.o(.text)
    TIM5_IRQHandler                          0x08000247   Thumb Code     0  startup_stm32f10x_hd.o(.text)
    TIM6_IRQHandler                          0x08000247   Thumb Code     0  startup_stm32f10x_hd.o(.text)
    TIM7_IRQHandler                          0x08000247   Thumb Code     0  startup_stm32f10x_hd.o(.text)
    TIM8_BRK_IRQHandler                      0x08000247   Thumb Code     0  startup_stm32f10x_hd.o(.text)
    TIM8_CC_IRQHandler                       0x08000247   Thumb Code     0  startup_stm32f10x_hd.o(.text)
    TIM8_TRG_COM_IRQHandler                  0x08000247   Thumb Code     0  startup_stm32f10x_hd.o(.text)
    TIM8_UP_IRQHandler                       0x08000247   Thumb Code     0  startup_stm32f10x_hd.o(.text)
    UART4_IRQHandler                         0x08000247   Thumb Code     0  startup_stm32f10x_hd.o(.text)
    UART5_IRQHandler                         0x08000247   Thumb Code     0  startup_stm32f10x_hd.o(.text)
    USART1_IRQHandler                        0x08000247   Thumb Code     0  startup_stm32f10x_hd.o(.text)
    USBWakeUp_IRQHandler                     0x08000247   Thumb Code     0  startup_stm32f10x_hd.o(.text)
    USB_HP_CAN1_TX_IRQHandler                0x08000247   Thumb Code     0  startup_stm32f10x_hd.o(.text)
    USB_LP_CAN1_RX0_IRQHandler               0x08000247   Thumb Code     0  startup_stm32f10x_hd.o(.text)
    WWDG_IRQHandler                          0x08000247   Thumb Code     0  startup_stm32f10x_hd.o(.text)
    __user_initial_stackheap                 0x08000249   Thumb Code     0  startup_stm32f10x_hd.o(.text)
    __use_no_semihosting                     0x0800026d   Thumb Code     2  use_no_semi_2.o(.text)
    __aeabi_ldivmod                          0x0800026f   Thumb Code     0  llsdiv.o(.text)
    _ll_sdiv                                 0x0800026f   Thumb Code    72  llsdiv.o(.text)
    __2printf                                0x080002b9   Thumb Code    20  noretval__2printf.o(.text)
    _printf_pre_padding                      0x080002d1   Thumb Code    44  _printf_pad.o(.text)
    _printf_post_padding                     0x080002fd   Thumb Code    34  _printf_pad.o(.text)
    _printf_str                              0x0800031f   Thumb Code    82  _printf_str.o(.text)
    _printf_int_dec                          0x08000371   Thumb Code   104  _printf_dec.o(.text)
    _printf_int_hex                          0x080003e9   Thumb Code    84  _printf_hex_int.o(.text)
    _printf_longlong_hex                     0x080003e9   Thumb Code     0  _printf_hex_int.o(.text)
    __printf                                 0x08000441   Thumb Code   388  __printf_flags_ss_wp.o(.text)
    strcpy                                   0x080005c9   Thumb Code    72  strcpy.o(.text)
    __aeabi_memcpy                           0x08000611   Thumb Code     0  rt_memcpy_v6.o(.text)
    __rt_memcpy                              0x08000611   Thumb Code   138  rt_memcpy_v6.o(.text)
    _memcpy_lastbytes                        0x08000677   Thumb Code     0  rt_memcpy_v6.o(.text)
    strcmp                                   0x0800069d   Thumb Code   128  strcmpv7m.o(.text)
    __use_two_region_memory                  0x0800071d   Thumb Code     2  heapauxi.o(.text)
    __rt_heap_escrow$2region                 0x0800071f   Thumb Code     2  heapauxi.o(.text)
    __rt_heap_expand$2region                 0x08000721   Thumb Code     2  heapauxi.o(.text)
    __I$use$semihosting                      0x08000723   Thumb Code     0  use_no_semi.o(.text)
    __use_no_semihosting_swi                 0x08000723   Thumb Code     2  use_no_semi.o(.text)
    __aeabi_uldivmod                         0x08000725   Thumb Code     0  lludivv7m.o(.text)
    _ll_udiv                                 0x08000725   Thumb Code   238  lludivv7m.o(.text)
    _printf_int_common                       0x08000813   Thumb Code   178  _printf_intcommon.o(.text)
    _printf_cs_common                        0x080008c5   Thumb Code    20  _printf_char.o(.text)
    _printf_char                             0x080008d9   Thumb Code    16  _printf_char.o(.text)
    _printf_string                           0x080008e9   Thumb Code     8  _printf_char.o(.text)
    _printf_char_file                        0x080008f1   Thumb Code    32  _printf_char_file.o(.text)
    __aeabi_memcpy4                          0x08000915   Thumb Code     0  rt_memcpy_w.o(.text)
    __aeabi_memcpy8                          0x08000915   Thumb Code     0  rt_memcpy_w.o(.text)
    __rt_memcpy_w                            0x08000915   Thumb Code   100  rt_memcpy_w.o(.text)
    _memcpy_lastbytes_aligned                0x0800095d   Thumb Code     0  rt_memcpy_w.o(.text)
    _printf_char_common                      0x08000983   Thumb Code    32  _printf_char_common.o(.text)
    ferror                                   0x080009a9   Thumb Code     8  ferror.o(.text)
    __user_setup_stackheap                   0x080009b1   Thumb Code    74  sys_stackheap_outer.o(.text)
    exit                                     0x080009fb   Thumb Code    12  exit.o(.text)
    __user_libspace                          0x08000a09   Thumb Code     8  libspace.o(.text)
    __user_perproc_libspace                  0x08000a09   Thumb Code     0  libspace.o(.text)
    __user_perthread_libspace                0x08000a09   Thumb Code     0  libspace.o(.text)
    BusFault_Handler                         0x08000a11   Thumb Code     4  stm32f10x_it.o(i.BusFault_Handler)
    Cls_Buff                                 0x08000a15   Thumb Code    26  usart.o(i.Cls_Buff)
    CmdError                                 0x08000a35   Thumb Code    48  sdio_sdcard.o(i.CmdError)
    CmdResp1Error                            0x08000a65   Thumb Code    90  sdio_sdcard.o(i.CmdResp1Error)
    CmdResp2Error                            0x08000ac5   Thumb Code    80  sdio_sdcard.o(i.CmdResp2Error)
    CmdResp3Error                            0x08000b19   Thumb Code    50  sdio_sdcard.o(i.CmdResp3Error)
    CmdResp6Error                            0x08000b51   Thumb Code   140  sdio_sdcard.o(i.CmdResp6Error)
    CmdResp7Error                            0x08000be1   Thumb Code    70  sdio_sdcard.o(i.CmdResp7Error)
    DMA_Cmd                                  0x08000c2d   Thumb Code    24  stm32f10x_dma.o(i.DMA_Cmd)
    DMA_DeInit                               0x08000c45   Thumb Code   324  stm32f10x_dma.o(i.DMA_DeInit)
    DMA_Init                                 0x08000d91   Thumb Code    60  stm32f10x_dma.o(i.DMA_Init)
    DebugMon_Handler                         0x08000dcd   Thumb Code     2  stm32f10x_it.o(i.DebugMon_Handler)
    EXTI2_IRQHandler                         0x08000dd1   Thumb Code    30  limit_switch.o(i.EXTI2_IRQHandler)
    EXTI3_IRQHandler                         0x08000df9   Thumb Code    30  limit_switch.o(i.EXTI3_IRQHandler)
    EXTI_ClearITPendingBit                   0x08000e21   Thumb Code     6  stm32f10x_exti.o(i.EXTI_ClearITPendingBit)
    EXTI_GetITStatus                         0x08000e2d   Thumb Code    34  stm32f10x_exti.o(i.EXTI_GetITStatus)
    EXTI_Init                                0x08000e55   Thumb Code   142  stm32f10x_exti.o(i.EXTI_Init)
    FindSCR                                  0x08000ee9   Thumb Code   386  sdio_sdcard.o(i.FindSCR)
    GPIO_EXTILineConfig                      0x0800107d   Thumb Code    60  stm32f10x_gpio.o(i.GPIO_EXTILineConfig)
    GPIO_Init                                0x080010bd   Thumb Code   278  stm32f10x_gpio.o(i.GPIO_Init)
    GPIO_SetBits                             0x080011d3   Thumb Code     4  stm32f10x_gpio.o(i.GPIO_SetBits)
    HardFault_Handler                        0x080011d7   Thumb Code     4  stm32f10x_it.o(i.HardFault_Handler)
    INTX_DISABLE                             0x080011db   Thumb Code     4  sys.o(i.INTX_DISABLE)
    INTX_ENABLE                              0x080011df   Thumb Code     4  sys.o(i.INTX_ENABLE)
    IsCardProgramming                        0x080011e5   Thumb Code   142  sdio_sdcard.o(i.IsCardProgramming)
    KEY_Init                                 0x08001281   Thumb Code    52  key.o(i.KEY_Init)
    MemManage_Handler                        0x080012bd   Thumb Code     4  stm32f10x_it.o(i.MemManage_Handler)
    NMI_Handler                              0x080012c1   Thumb Code     2  stm32f10x_it.o(i.NMI_Handler)
    NVIC_Init                                0x080012c5   Thumb Code   100  misc.o(i.NVIC_Init)
    NVIC_PriorityGroupConfig                 0x08001335   Thumb Code    10  misc.o(i.NVIC_PriorityGroupConfig)
    PUSH_False                               0x08001349   Thumb Code    30  push.o(i.PUSH_False)
    PUSH_Init                                0x08001379   Thumb Code    98  push.o(i.PUSH_Init)
    PUSH_True                                0x080013f5   Thumb Code    30  push.o(i.PUSH_True)
    PendSV_Handler                           0x08001425   Thumb Code     2  stm32f10x_it.o(i.PendSV_Handler)
    RCC_AHBPeriphClockCmd                    0x08001429   Thumb Code    26  stm32f10x_rcc.o(i.RCC_AHBPeriphClockCmd)
    RCC_APB1PeriphClockCmd                   0x08001449   Thumb Code    26  stm32f10x_rcc.o(i.RCC_APB1PeriphClockCmd)
    RCC_APB1PeriphResetCmd                   0x08001469   Thumb Code    26  stm32f10x_rcc.o(i.RCC_APB1PeriphResetCmd)
    RCC_APB2PeriphClockCmd                   0x08001489   Thumb Code    26  stm32f10x_rcc.o(i.RCC_APB2PeriphClockCmd)
    RCC_APB2PeriphResetCmd                   0x080014a9   Thumb Code    26  stm32f10x_rcc.o(i.RCC_APB2PeriphResetCmd)
    RCC_GetClocksFreq                        0x080014c9   Thumb Code   192  stm32f10x_rcc.o(i.RCC_GetClocksFreq)
    SDEnWideBus                              0x0800159d   Thumb Code   158  sdio_sdcard.o(i.SDEnWideBus)
    SDIO_ClearFlag                           0x08001649   Thumb Code     6  stm32f10x_sdio.o(i.SDIO_ClearFlag)
    SDIO_ClockCmd                            0x08001655   Thumb Code     6  stm32f10x_sdio.o(i.SDIO_ClockCmd)
    SDIO_Clock_Set                           0x08001661   Thumb Code    16  sdio_sdcard.o(i.SDIO_Clock_Set)
    SDIO_DMACmd                              0x08001675   Thumb Code     6  stm32f10x_sdio.o(i.SDIO_DMACmd)
    SDIO_DataConfig                          0x08001681   Thumb Code    42  stm32f10x_sdio.o(i.SDIO_DataConfig)
    SDIO_DeInit                              0x080016b1   Thumb Code    28  stm32f10x_sdio.o(i.SDIO_DeInit)
    SDIO_GetFlagStatus                       0x080016d5   Thumb Code    20  stm32f10x_sdio.o(i.SDIO_GetFlagStatus)
    SDIO_GetPowerState                       0x080016ed   Thumb Code    10  stm32f10x_sdio.o(i.SDIO_GetPowerState)
    SDIO_IRQHandler                          0x080016fd   Thumb Code     8  sdio_sdcard.o(i.SDIO_IRQHandler)
    SDIO_Init                                0x08001705   Thumb Code    42  stm32f10x_sdio.o(i.SDIO_Init)
    SDIO_ReadData                            0x08001735   Thumb Code     6  stm32f10x_sdio.o(i.SDIO_ReadData)
    SDIO_SendCommand                         0x08001741   Thumb Code    38  stm32f10x_sdio.o(i.SDIO_SendCommand)
    SDIO_SetPowerState                       0x0800176d   Thumb Code    22  stm32f10x_sdio.o(i.SDIO_SetPowerState)
    SDIO_WriteData                           0x08001789   Thumb Code     6  stm32f10x_sdio.o(i.SDIO_WriteData)
    SD_DMA_Config                            0x08001795   Thumb Code    94  sdio_sdcard.o(i.SD_DMA_Config)
    SD_EnableWideBusOperation                0x080017fd   Thumb Code    94  sdio_sdcard.o(i.SD_EnableWideBusOperation)
    SD_GetCardInfo                           0x08001865   Thumb Code   772  sdio_sdcard.o(i.SD_GetCardInfo)
    SD_Init                                  0x08001b79   Thumb Code   238  sdio_sdcard.o(i.SD_Init)
    SD_InitializeCards                       0x08001c79   Thumb Code   316  sdio_sdcard.o(i.SD_InitializeCards)
    SD_PowerON                               0x08001dcd   Thumb Code   450  sdio_sdcard.o(i.SD_PowerON)
    SD_ProcessIRQSrc                         0x08001fa9   Thumb Code   296  sdio_sdcard.o(i.SD_ProcessIRQSrc)
    SD_ReadBlock                             0x080020e5   Thumb Code   558  sdio_sdcard.o(i.SD_ReadBlock)
    SD_ReadDisk                              0x0800233d   Thumb Code   148  sdio_sdcard.o(i.SD_ReadDisk)
    SD_ReadMultiBlocks                       0x080023d5   Thumb Code   698  sdio_sdcard.o(i.SD_ReadMultiBlocks)
    SD_SelectDeselect                        0x080026bd   Thumb Code    42  sdio_sdcard.o(i.SD_SelectDeselect)
    SD_SetDeviceMode                         0x080026ed   Thumb Code    20  sdio_sdcard.o(i.SD_SetDeviceMode)
    SD_WriteBlock                            0x08002705   Thumb Code   844  sdio_sdcard.o(i.SD_WriteBlock)
    SD_WriteDisk                             0x08002a79   Thumb Code   148  sdio_sdcard.o(i.SD_WriteDisk)
    SD_WriteMultiBlocks                      0x08002b11   Thumb Code   920  sdio_sdcard.o(i.SD_WriteMultiBlocks)
    SPI2_Init                                0x08002ed1   Thumb Code   140  spi.o(i.SPI2_Init)
    SPI2_ReadWriteByte                       0x08002f65   Thumb Code    78  spi.o(i.SPI2_ReadWriteByte)
    SPI2_SetSpeed                            0x08002fb9   Thumb Code    36  spi.o(i.SPI2_SetSpeed)
    SPI_Cmd                                  0x08002fe1   Thumb Code    24  stm32f10x_spi.o(i.SPI_Cmd)
    SPI_I2S_GetFlagStatus                    0x08002ff9   Thumb Code    18  stm32f10x_spi.o(i.SPI_I2S_GetFlagStatus)
    SPI_I2S_ReceiveData                      0x0800300b   Thumb Code     6  stm32f10x_spi.o(i.SPI_I2S_ReceiveData)
    SPI_I2S_SendData                         0x08003011   Thumb Code     4  stm32f10x_spi.o(i.SPI_I2S_SendData)
    SPI_Init                                 0x08003015   Thumb Code    60  stm32f10x_spi.o(i.SPI_Init)
    STEP_M                                   0x08003051   Thumb Code   198  step_motor.o(i.STEP_M)
    SVC_Handler                              0x08003129   Thumb Code     2  stm32f10x_it.o(i.SVC_Handler)
    Servo_Init                               0x0800312d   Thumb Code   158  servo.o(i.Servo_Init)
    Stmo_Init                                0x080032bd   Thumb Code    52  step_motor.o(i.Stmo_Init)
    SysTick_CLKSourceConfig                  0x080032fd   Thumb Code    40  misc.o(i.SysTick_CLKSourceConfig)
    SysTick_Handler                          0x08003325   Thumb Code     2  stm32f10x_it.o(i.SysTick_Handler)
    SystemInit                               0x08003329   Thumb Code    78  system_stm32f10x.o(i.SystemInit)
    TIM4_IRQHandler                          0x08003389   Thumb Code    46  usmart.o(i.TIM4_IRQHandler)
    TIM_ClearFlag                            0x080033c1   Thumb Code     6  stm32f10x_tim.o(i.TIM_ClearFlag)
    TIM_ClearITPendingBit                    0x080033c7   Thumb Code     6  stm32f10x_tim.o(i.TIM_ClearITPendingBit)
    TIM_Cmd                                  0x080033cd   Thumb Code    24  stm32f10x_tim.o(i.TIM_Cmd)
    TIM_GetCounter                           0x080033e5   Thumb Code     6  stm32f10x_tim.o(i.TIM_GetCounter)
    TIM_GetFlagStatus                        0x080033eb   Thumb Code    18  stm32f10x_tim.o(i.TIM_GetFlagStatus)
    TIM_GetITStatus                          0x080033fd   Thumb Code    34  stm32f10x_tim.o(i.TIM_GetITStatus)
    TIM_ITConfig                             0x0800341f   Thumb Code    18  stm32f10x_tim.o(i.TIM_ITConfig)
    TIM_OC1Init                              0x08003431   Thumb Code   132  stm32f10x_tim.o(i.TIM_OC1Init)
    TIM_OC1PreloadConfig                     0x080034c9   Thumb Code    18  stm32f10x_tim.o(i.TIM_OC1PreloadConfig)
    TIM_OC2Init                              0x080034dd   Thumb Code   154  stm32f10x_tim.o(i.TIM_OC2Init)
    TIM_OC2PreloadConfig                     0x08003581   Thumb Code    26  stm32f10x_tim.o(i.TIM_OC2PreloadConfig)
    TIM_SetAutoreload                        0x0800359b   Thumb Code     4  stm32f10x_tim.o(i.TIM_SetAutoreload)
    TIM_SetCompare2                          0x0800359f   Thumb Code     4  stm32f10x_tim.o(i.TIM_SetCompare2)
    TIM_SetCounter                           0x080035a3   Thumb Code     4  stm32f10x_tim.o(i.TIM_SetCounter)
    TIM_TimeBaseInit                         0x080035a9   Thumb Code   122  stm32f10x_tim.o(i.TIM_TimeBaseInit)
    Timer4_Init                              0x0800364d   Thumb Code    88  usmart.o(i.Timer4_Init)
    UART4_Init                               0x080036a9   Thumb Code   138  usart.o(i.UART4_Init)
    USART2_IRQHandler                        0x08003741   Thumb Code   122  usart.o(i.USART2_IRQHandler)
    USART2_Init                              0x080037c9   Thumb Code   156  usart.o(i.USART2_Init)
    USART3_IRQHandler                        0x0800386d   Thumb Code     2  usart.o(i.USART3_IRQHandler)
    USART_ClearFlag                          0x0800386f   Thumb Code    18  stm32f10x_usart.o(i.USART_ClearFlag)
    USART_Cmd                                0x08003881   Thumb Code    24  stm32f10x_usart.o(i.USART_Cmd)
    USART_DeInit                             0x08003899   Thumb Code   134  stm32f10x_usart.o(i.USART_DeInit)
    USART_GetITStatus                        0x08003935   Thumb Code    84  stm32f10x_usart.o(i.USART_GetITStatus)
    USART_ITConfig                           0x08003989   Thumb Code    74  stm32f10x_usart.o(i.USART_ITConfig)
    USART_Init                               0x080039d5   Thumb Code   210  stm32f10x_usart.o(i.USART_Init)
    USART_ReceiveData                        0x08003aad   Thumb Code    10  stm32f10x_usart.o(i.USART_ReceiveData)
    UsageFault_Handler                       0x08003ab7   Thumb Code     4  stm32f10x_it.o(i.UsageFault_Handler)
    W25QXX_Erase_Sector                      0x08003abd   Thumb Code    70  w25qxx.o(i.W25QXX_Erase_Sector)
    W25QXX_Init                              0x08003b15   Thumb Code    74  w25qxx.o(i.W25QXX_Init)
    W25QXX_Read                              0x08003b6d   Thumb Code    74  w25qxx.o(i.W25QXX_Read)
    W25QXX_ReadID                            0x08003bbd   Thumb Code    64  w25qxx.o(i.W25QXX_ReadID)
    W25QXX_ReadSR                            0x08003c05   Thumb Code    36  w25qxx.o(i.W25QXX_ReadSR)
    W25QXX_Wait_Busy                         0x08003c31   Thumb Code    18  w25qxx.o(i.W25QXX_Wait_Busy)
    W25QXX_Write                             0x08003c45   Thumb Code   180  w25qxx.o(i.W25QXX_Write)
    W25QXX_Write_Enable                      0x08003cfd   Thumb Code    24  w25qxx.o(i.W25QXX_Write_Enable)
    W25QXX_Write_NoCheck                     0x08003d1d   Thumb Code    70  w25qxx.o(i.W25QXX_Write_NoCheck)
    W25QXX_Write_Page                        0x08003d65   Thumb Code    80  w25qxx.o(i.W25QXX_Write_Page)
    _is_digit                                0x08003db9   Thumb Code    14  __printf_wp.o(i._is_digit)
    _sys_exit                                0x08003dc7   Thumb Code     6  usart.o(i._sys_exit)
    ai_draw_init                             0x08003dcd   Thumb Code   264  piclib.o(i.ai_draw_init)
    ai_load_picfile                          0x08003ed9   Thumb Code   194  piclib.o(i.ai_load_picfile)
    char_upper                               0x08004301   Thumb Code    26  exfuns.o(i.char_upper)
    clust2sect                               0x080043f3   Thumb Code    26  ff.o(i.clust2sect)
    convert_from_bytes_to_power_of_two       0x0800449d   Thumb Code    18  sdio_sdcard.o(i.convert_from_bytes_to_power_of_two)
    delay_init                               0x0800499d   Thumb Code    50  delay.o(i.delay_init)
    delay_ms                                 0x080049e1   Thumb Code    56  delay.o(i.delay_ms)
    delay_s                                  0x08004a1d   Thumb Code    22  delay.o(i.delay_s)
    delay_us                                 0x08004a35   Thumb Code    56  delay.o(i.delay_us)
    dir_sdi                                  0x08004eb5   Thumb Code   158  ff.o(i.dir_sdi)
    disk_initialize                          0x08004f55   Thumb Code    52  diskio.o(i.disk_initialize)
    disk_ioctl                               0x08004f8d   Thumb Code   170  diskio.o(i.disk_ioctl)
    disk_read                                0x08005041   Thumb Code   122  diskio.o(i.disk_read)
    disk_status                              0x080050bb   Thumb Code     6  diskio.o(i.disk_status)
    disk_write                               0x080050c1   Thumb Code   122  diskio.o(i.disk_write)
    exit_init                                0x0800513b   Thumb Code   128  limit_switch.o(i.exit_init)
    f_close                                  0x080051bb   Thumb Code    32  ff.o(i.f_close)
    f_lseek                                  0x080051db   Thumb Code   684  ff.o(i.f_lseek)
    f_open                                   0x08005487   Thumb Code   384  ff.o(i.f_open)
    f_opendir                                0x08005607   Thumb Code   136  ff.o(i.f_opendir)
    f_read                                   0x0800568f   Thumb Code   432  ff.o(i.f_read)
    f_readdir                                0x0800583f   Thumb Code   114  ff.o(i.f_readdir)
    f_sync                                   0x080058b1   Thumb Code   176  ff.o(i.f_sync)
    f_typetell                               0x08005961   Thumb Code   188  exfuns.o(i.f_typetell)
    ff_convert                               0x08005a21   Thumb Code   146  mycc936.o(i.ff_convert)
    ff_memalloc                              0x08005ab9   Thumb Code    14  diskio.o(i.ff_memalloc)
    ff_memfree                               0x08005ac7   Thumb Code    14  diskio.o(i.ff_memfree)
    ff_wtoupper                              0x08005ad5   Thumb Code    46  mycc936.o(i.ff_wtoupper)
    fputc                                    0x08005fb1   Thumb Code    24  usart.o(i.fputc)
    get_fat                                  0x08006099   Thumb Code   242  ff.o(i.get_fat)
    get_fattime                              0x0800618b   Thumb Code     4  diskio.o(i.get_fattime)
    gif_check_head                           0x080062e9   Thumb Code    88  gif.o(i.gif_check_head)
    gif_clear2bkcolor                        0x08006341   Thumb Code   496  gif.o(i.gif_clear2bkcolor)
    gif_decode                               0x08006535   Thumb Code   296  gif.o(i.gif_decode)
    gif_dispimage                            0x08006661   Thumb Code   538  gif.o(i.gif_dispimage)
    gif_drawimage                            0x08006889   Thumb Code   340  gif.o(i.gif_drawimage)
    gif_getdatablock                         0x080069dd   Thumb Code    96  gif.o(i.gif_getdatablock)
    gif_getinfo                              0x08006a3d   Thumb Code    70  gif.o(i.gif_getinfo)
    gif_getnextbyte                          0x08006a83   Thumb Code   856  gif.o(i.gif_getnextbyte)
    gif_getnextcode                          0x08006ddd   Thumb Code   452  gif.o(i.gif_getnextcode)
    gif_getrgb565                            0x08006fa5   Thumb Code    28  gif.o(i.gif_getrgb565)
    gif_initlzw                              0x08006fc1   Thumb Code   152  gif.o(i.gif_initlzw)
    gif_readcolortbl                         0x08007059   Thumb Code    64  gif.o(i.gif_readcolortbl)
    gif_readextension                        0x08007099   Thumb Code   160  gif.o(i.gif_readextension)
    gif_recovergctbl                         0x08007139   Thumb Code    38  gif.o(i.gif_recovergctbl)
    gif_savegctbl                            0x0800715f   Thumb Code    38  gif.o(i.gif_savegctbl)
    is_element_ok                            0x08007245   Thumb Code    36  piclib.o(i.is_element_ok)
    jd_decomp                                0x0800726d   Thumb Code   162  tjpgd.o(i.jd_decomp)
    jd_prepare                               0x0800730f   Thumb Code   924  tjpgd.o(i.jd_prepare)
    jpeg_freeall                             0x080076ad   Thumb Code    28  tjpgd.o(i.jpeg_freeall)
    jpeg_in_func                             0x080076d5   Thumb Code    48  tjpgd.o(i.jpeg_in_func)
    jpeg_mallocall                           0x08007705   Thumb Code    70  tjpgd.o(i.jpeg_mallocall)
    jpeg_out_func_fill                       0x08007759   Thumb Code    74  tjpgd.o(i.jpeg_out_func_fill)
    jpeg_out_func_point                      0x080077ad   Thumb Code   182  tjpgd.o(i.jpeg_out_func_point)
    jpg_decode                               0x0800786d   Thumb Code   232  tjpgd.o(i.jpg_decode)
    limit_switch_gpio_init                   0x08007991   Thumb Code    32  limit_switch.o(i.limit_switch_gpio_init)
    main                                     0x080079b5   Thumb Code   508  main.o(i.main)
    mf_scan_files                            0x08008185   Thumb Code   120  fattester.o(i.mf_scan_files)
    minibmp_decode                           0x08008215   Thumb Code   966  bmp.o(i.minibmp_decode)
    my_mem_free                              0x08008619   Thumb Code    96  malloc_1.o(i.my_mem_free)
    my_mem_init                              0x08008685   Thumb Code    54  malloc_1.o(i.my_mem_init)
    my_mem_malloc                            0x080086c9   Thumb Code   156  malloc_1.o(i.my_mem_malloc)
    my_mem_perused                           0x08008771   Thumb Code    54  malloc_1.o(i.my_mem_perused)
    myfree                                   0x080087b1   Thumb Code    30  malloc_1.o(i.myfree)
    mymalloc                                 0x080087d5   Thumb Code    34  malloc_1.o(i.mymalloc)
    mymemset                                 0x080087fd   Thumb Code    20  malloc_1.o(i.mymemset)
    pic_memalloc                             0x08008811   Thumb Code    14  piclib.o(i.pic_memalloc)
    pic_memfree                              0x0800881f   Thumb Code    14  piclib.o(i.pic_memfree)
    piclib_alpha_blend                       0x080088a1   Thumb Code    42  piclib.o(i.piclib_alpha_blend)
    put_fat                                  0x080088d1   Thumb Code   322  ff.o(i.put_fat)
    read_addr                                0x08008a13   Thumb Code     6  usmart.o(i.read_addr)
    servo2_go                                0x08008af5   Thumb Code    74  servo.o(i.servo2_go)
    stdbmp_decode                            0x08008b61   Thumb Code   712  bmp.o(i.stdbmp_decode)
    step_motor_init                          0x08008e31   Thumb Code   114  step_motor.o(i.step_motor_init)
    usmart_cmd_rec                           0x08008fed   Thumb Code   170  usmart.o(i.usmart_cmd_rec)
    usmart_exe                               0x0800909d   Thumb Code   632  usmart.o(i.usmart_exe)
    usmart_get_aparm                         0x08009371   Thumb Code   200  usmart_str.o(i.usmart_get_aparm)
    usmart_get_cmdname                       0x08009439   Thumb Code    54  usmart_str.o(i.usmart_get_cmdname)
    usmart_get_fname                         0x08009471   Thumb Code   440  usmart_str.o(i.usmart_get_fname)
    usmart_get_fparam                        0x08009631   Thumb Code   262  usmart_str.o(i.usmart_get_fparam)
    usmart_get_parmpos                       0x0800973d   Thumb Code    26  usmart_str.o(i.usmart_get_parmpos)
    usmart_get_runtime                       0x0800975d   Thumb Code    60  usmart.o(i.usmart_get_runtime)
    usmart_init                              0x080097a1   Thumb Code    36  usmart.o(i.usmart_init)
    usmart_pow                               0x080097c9   Thumb Code    22  usmart_str.o(i.usmart_pow)
    usmart_reset_runtime                     0x080097e1   Thumb Code    38  usmart.o(i.usmart_reset_runtime)
    usmart_scan                              0x08009811   Thumb Code   120  usmart.o(i.usmart_scan)
    usmart_search_nextc                      0x080098cd   Thumb Code    22  usmart_str.o(i.usmart_search_nextc)
    usmart_str2num                           0x080098e3   Thumb Code   202  usmart_str.o(i.usmart_str2num)
    usmart_strcmp                            0x080099ad   Thumb Code    34  usmart_str.o(i.usmart_strcmp)
    usmart_strcopy                           0x080099cf   Thumb Code    22  usmart_str.o(i.usmart_strcopy)
    usmart_strlen                            0x080099e5   Thumb Code    24  usmart_str.o(i.usmart_strlen)
    usmart_sys_cmd_exe                       0x080099fd   Thumb Code  1554  usmart.o(i.usmart_sys_cmd_exe)
    write_addr                               0x0800a117   Thumb Code     4  usmart.o(i.write_addr)
    __aeabi_dadd                             0x0800a11d   Thumb Code     0  daddsub_clz.o(x$fpl$dadd)
    _dadd                                    0x0800a11d   Thumb Code   332  daddsub_clz.o(x$fpl$dadd)
    __aeabi_ddiv                             0x0800a26d   Thumb Code     0  ddiv.o(x$fpl$ddiv)
    _ddiv                                    0x0800a26d   Thumb Code   552  ddiv.o(x$fpl$ddiv)
    __aeabi_d2uiz                            0x0800a51d   Thumb Code     0  dfixu.o(x$fpl$dfixu)
    _dfixu                                   0x0800a51d   Thumb Code    90  dfixu.o(x$fpl$dfixu)
    __aeabi_ui2d                             0x0800a577   Thumb Code     0  dflt_clz.o(x$fpl$dfltu)
    _dfltu                                   0x0800a577   Thumb Code    38  dflt_clz.o(x$fpl$dfltu)
    __fpl_dnaninf                            0x0800a59d   Thumb Code   156  dnaninf.o(x$fpl$dnaninf)
    __fpl_dretinf                            0x0800a639   Thumb Code    12  dretinf.o(x$fpl$dretinf)
    __aeabi_drsub                            0x0800a645   Thumb Code     0  daddsub_clz.o(x$fpl$drsb)
    _drsb                                    0x0800a645   Thumb Code    22  daddsub_clz.o(x$fpl$drsb)
    __aeabi_dsub                             0x0800a65d   Thumb Code     0  daddsub_clz.o(x$fpl$dsub)
    _dsub                                    0x0800a65d   Thumb Code   464  daddsub_clz.o(x$fpl$dsub)
    __aeabi_fadd                             0x0800a831   Thumb Code     0  faddsub_clz.o(x$fpl$fadd)
    _fadd                                    0x0800a831   Thumb Code   196  faddsub_clz.o(x$fpl$fadd)
    __fpl_fcmp_Inf                           0x0800a8f5   Thumb Code    24  fcmpi.o(x$fpl$fcmpinf)
    __aeabi_fdiv                             0x0800a90d   Thumb Code     0  fdiv.o(x$fpl$fdiv)
    _fdiv                                    0x0800a90d   Thumb Code   384  fdiv.o(x$fpl$fdiv)
    __aeabi_f2uiz                            0x0800aa91   Thumb Code     0  ffixu.o(x$fpl$ffixu)
    _ffixu                                   0x0800aa91   Thumb Code    62  ffixu.o(x$fpl$ffixu)
    __aeabi_ui2f                             0x0800aad1   Thumb Code     0  fflt_clz.o(x$fpl$ffltu)
    _ffltu                                   0x0800aad1   Thumb Code    38  fflt_clz.o(x$fpl$ffltu)
    __aeabi_cfcmple                          0x0800aaf9   Thumb Code     0  fleqf.o(x$fpl$fleqf)
    _fcmple                                  0x0800aaf9   Thumb Code   104  fleqf.o(x$fpl$fleqf)
    __fpl_fcmple_InfNaN                      0x0800ab4b   Thumb Code     0  fleqf.o(x$fpl$fleqf)
    __aeabi_fmul                             0x0800ab61   Thumb Code     0  fmul.o(x$fpl$fmul)
    _fmul                                    0x0800ab61   Thumb Code   258  fmul.o(x$fpl$fmul)
    __fpl_fnaninf                            0x0800ac63   Thumb Code   140  fnaninf.o(x$fpl$fnaninf)
    __fpl_fretinf                            0x0800acef   Thumb Code    10  fretinf.o(x$fpl$fretinf)
    __aeabi_cfrcmple                         0x0800acf9   Thumb Code     0  frleqf.o(x$fpl$frleqf)
    _frcmple                                 0x0800acf9   Thumb Code    98  frleqf.o(x$fpl$frleqf)
    __aeabi_fsub                             0x0800ad5d   Thumb Code     0  faddsub_clz.o(x$fpl$fsub)
    _fsub                                    0x0800ad5d   Thumb Code   234  faddsub_clz.o(x$fpl$fsub)
    __I$use$fp                               0x0800ae46   Number         0  usenofp.o(x$fpl$usenofp)
    FILE_TYPE_TBL                            0x0800ae48   Data         312  exfuns.o(.constdata)
    memtblsize                               0x0800b37c   Data           8  malloc_1.o(.constdata)
    memblksize                               0x0800b384   Data           8  malloc_1.o(.constdata)
    memsize                                  0x0800b38c   Data           8  malloc_1.o(.constdata)
    _aMaskTbl                                0x0800b394   Data          32  gif.o(.constdata)
    _aInterlaceOffset                        0x0800b3b4   Data           4  gif.o(.constdata)
    _aInterlaceYPos                          0x0800b3b8   Data           4  gif.o(.constdata)
    Region$$Table$$Base                      0x0800ba40   Number         0  anon$$obj.o(Region$$Table)
    Region$$Table$$Limit                     0x0800ba60   Number         0  anon$$obj.o(Region$$Table)
    SystemCoreClock                          0x20000000   Data           4  system_stm32f10x.o(.data)
    AHBPrescTable                            0x20000004   Data          16  system_stm32f10x.o(.data)
    dir_flag                                 0x20000014   Data           1  limit_switch.o(.data)
    TransferError                            0x20000022   Data           1  sdio_sdcard.o(.data)
    TransferEnd                              0x20000023   Data           1  sdio_sdcard.o(.data)
    tempbuff                                 0x20000024   Data           4  sdio_sdcard.o(.data)
    W25QXX_TYPE                              0x20000028   Data           2  w25qxx.o(.data)
    _receiveBuf                              0x20000030   Data           2  usart.o(.data)
    _receiveBuf2                             0x20000032   Data           2  usart.o(.data)
    c                                        0x20000034   Data           4  usart.o(.data)
    voice_flag                               0x20000038   Data           1  usart.o(.data)
    First_Int                                0x20000039   Data           1  usart.o(.data)
    receive_count_uart4                      0x2000003a   Data           2  usart.o(.data)
    __stdout                                 0x2000003c   Data           4  usart.o(.data)
    USART_RX_STA                             0x20000040   Data           2  usart.o(.data)
    FLASH_SECTOR_COUNT                       0x20000056   Data           2  diskio.o(.data)
    mallco_dev                               0x20000064   Data          28  malloc_1.o(.data)
    sys_cmd_tab                              0x20000080   Data          28  usmart.o(.data)
    usmart_nametab                           0x2000009c   Data          40  usmart_config.o(.data)
    usmart_dev                               0x200000c4   Data         244  usmart_config.o(.data)
    gifdecoding                              0x200001b8   Data           1  gif.o(.data)
    f_jpeg                                   0x200001bc   Data           4  tjpgd.o(.data)
    jpeg_dev                                 0x200001c0   Data           4  tjpgd.o(.data)
    jpg_buffer                               0x200001c4   Data           4  tjpgd.o(.data)
    lcddev                                   0x200001c8   Data          14  lcd.o(.bss)
    SDIO_InitStructure                       0x200001d8   Data          24  sdio_sdcard.o(.bss)
    SDIO_CmdInitStructure                    0x200001f0   Data          20  sdio_sdcard.o(.bss)
    SDIO_DataInitStructure                   0x20000204   Data          24  sdio_sdcard.o(.bss)
    SDCardInfo                               0x20000240   Data          88  sdio_sdcard.o(.bss)
    SDIO_DATA_BUFFER                         0x20000298   Data         512  sdio_sdcard.o(.bss)
    W25QXX_BUFFER                            0x20000498   Data        4096  w25qxx.o(.bss)
    uart4_buff                               0x20001498   Data          50  usart.o(.bss)
    USART_RX_BUF                             0x200014ca   Data         200  usart.o(.bss)
    fileinfo                                 0x20001594   Data          32  exfuns.o(.bss)
    dir                                      0x200015b4   Data          36  exfuns.o(.bss)
    mem1base                                 0x200015e0   Data       40960  malloc_1.o(.bss)
    mem1mapbase                              0x2000b5e0   Data        2560  malloc_1.o(.bss)
    ftinfo                                   0x2000bfe0   Data          33  fontupd.o(.bss)
    picinfo                                  0x2000c004   Data          40  piclib.o(.bss)
    pic_phy                                  0x2000c02c   Data          20  piclib.o(.bss)
    __libspace_start                         0x2000c040   Data          96  libspace.o(.bss)
    __temporary_stack_top$libspace           0x2000c0a0   Data           0  libspace.o(.bss)
    mem2base                                 0x68000000   Data          32  malloc_1.o(.ARM.__AT_0x68000000)
    mem2mapbase                              0x68000020   Data           2  malloc_1.o(.ARM.__AT_0x68000020)



==============================================================================

Memory Map of the image

  Image Entry point : 0x0800022d

  Load Region LR_1 (Base: 0x08000000, Size: 0x0000bc28, Max: 0xffffffff, ABSOLUTE, COMPRESSED[0x0000baf0])

    Execution Region ER_RO (Base: 0x08000000, Size: 0x0000ba60, Max: 0xffffffff, ABSOLUTE)

    Base Addr    Size         Type   Attr      Idx    E Section Name        Object

    0x08000000   0x00000130   Data   RO         1165    RESET               startup_stm32f10x_hd.o
    0x08000130   0x00000008   Code   RO         4375  * !!!main             c_w.l(__main.o)
    0x08000138   0x00000034   Code   RO         4621    !!!scatter          c_w.l(__scatter.o)
    0x0800016c   0x0000005a   Code   RO         4619    !!dczerorl2         c_w.l(__dczerorl2.o)
    0x080001c6   0x00000002   PAD
    0x080001c8   0x0000001c   Code   RO         4623    !!handler_zi        c_w.l(__scatter_zi.o)
    0x080001e4   0x00000000   Code   RO         4362    .ARM.Collect$$_printf_percent$$00000000  c_w.l(_printf_percent.o)
    0x080001e4   0x00000006   Code   RO         4360    .ARM.Collect$$_printf_percent$$00000009  c_w.l(_printf_d.o)
    0x080001ea   0x00000006   Code   RO         4361    .ARM.Collect$$_printf_percent$$0000000A  c_w.l(_printf_u.o)
    0x080001f0   0x00000006   Code   RO         4359    .ARM.Collect$$_printf_percent$$0000000C  c_w.l(_printf_x.o)
    0x080001f6   0x00000006   Code   RO         4357    .ARM.Collect$$_printf_percent$$00000013  c_w.l(_printf_c.o)
    0x080001fc   0x00000006   Code   RO         4358    .ARM.Collect$$_printf_percent$$00000014  c_w.l(_printf_s.o)
    0x08000202   0x00000004   Code   RO         4438    .ARM.Collect$$_printf_percent$$00000017  c_w.l(_printf_percent_end.o)
    0x08000206   0x00000002   Code   RO         4490    .ARM.Collect$$libinit$$00000000  c_w.l(libinit.o)
    0x08000208   0x00000000   Code   RO         4501    .ARM.Collect$$libinit$$00000002  c_w.l(libinit2.o)
    0x08000208   0x00000000   Code   RO         4503    .ARM.Collect$$libinit$$00000004  c_w.l(libinit2.o)
    0x08000208   0x00000000   Code   RO         4506    .ARM.Collect$$libinit$$0000000A  c_w.l(libinit2.o)
    0x08000208   0x00000000   Code   RO         4508    .ARM.Collect$$libinit$$0000000C  c_w.l(libinit2.o)
    0x08000208   0x00000000   Code   RO         4510    .ARM.Collect$$libinit$$0000000E  c_w.l(libinit2.o)
    0x08000208   0x00000000   Code   RO         4513    .ARM.Collect$$libinit$$00000011  c_w.l(libinit2.o)
    0x08000208   0x00000000   Code   RO         4515    .ARM.Collect$$libinit$$00000013  c_w.l(libinit2.o)
    0x08000208   0x00000000   Code   RO         4517    .ARM.Collect$$libinit$$00000015  c_w.l(libinit2.o)
    0x08000208   0x00000000   Code   RO         4519    .ARM.Collect$$libinit$$00000017  c_w.l(libinit2.o)
    0x08000208   0x00000000   Code   RO         4521    .ARM.Collect$$libinit$$00000019  c_w.l(libinit2.o)
    0x08000208   0x00000000   Code   RO         4523    .ARM.Collect$$libinit$$0000001B  c_w.l(libinit2.o)
    0x08000208   0x00000000   Code   RO         4525    .ARM.Collect$$libinit$$0000001D  c_w.l(libinit2.o)
    0x08000208   0x00000000   Code   RO         4527    .ARM.Collect$$libinit$$0000001F  c_w.l(libinit2.o)
    0x08000208   0x00000000   Code   RO         4529    .ARM.Collect$$libinit$$00000021  c_w.l(libinit2.o)
    0x08000208   0x00000000   Code   RO         4531    .ARM.Collect$$libinit$$00000023  c_w.l(libinit2.o)
    0x08000208   0x00000000   Code   RO         4533    .ARM.Collect$$libinit$$00000025  c_w.l(libinit2.o)
    0x08000208   0x00000000   Code   RO         4537    .ARM.Collect$$libinit$$0000002C  c_w.l(libinit2.o)
    0x08000208   0x00000000   Code   RO         4539    .ARM.Collect$$libinit$$0000002E  c_w.l(libinit2.o)
    0x08000208   0x00000000   Code   RO         4541    .ARM.Collect$$libinit$$00000030  c_w.l(libinit2.o)
    0x08000208   0x00000000   Code   RO         4543    .ARM.Collect$$libinit$$00000032  c_w.l(libinit2.o)
    0x08000208   0x00000002   Code   RO         4544    .ARM.Collect$$libinit$$00000033  c_w.l(libinit2.o)
    0x0800020a   0x00000002   Code   RO         4572    .ARM.Collect$$libshutdown$$00000000  c_w.l(libshutdown.o)
    0x0800020c   0x00000000   Code   RO         4587    .ARM.Collect$$libshutdown$$00000003  c_w.l(libshutdown2.o)
    0x0800020c   0x00000000   Code   RO         4590    .ARM.Collect$$libshutdown$$00000006  c_w.l(libshutdown2.o)
    0x0800020c   0x00000000   Code   RO         4593    .ARM.Collect$$libshutdown$$00000009  c_w.l(libshutdown2.o)
    0x0800020c   0x00000000   Code   RO         4595    .ARM.Collect$$libshutdown$$0000000B  c_w.l(libshutdown2.o)
    0x0800020c   0x00000000   Code   RO         4598    .ARM.Collect$$libshutdown$$0000000E  c_w.l(libshutdown2.o)
    0x0800020c   0x00000002   Code   RO         4599    .ARM.Collect$$libshutdown$$0000000F  c_w.l(libshutdown2.o)
    0x0800020e   0x00000000   Code   RO         4429    .ARM.Collect$$rtentry$$00000000  c_w.l(__rtentry.o)
    0x0800020e   0x00000000   Code   RO         4453    .ARM.Collect$$rtentry$$00000002  c_w.l(__rtentry2.o)
    0x0800020e   0x00000006   Code   RO         4465    .ARM.Collect$$rtentry$$00000004  c_w.l(__rtentry4.o)
    0x08000214   0x00000000   Code   RO         4455    .ARM.Collect$$rtentry$$00000009  c_w.l(__rtentry2.o)
    0x08000214   0x00000004   Code   RO         4456    .ARM.Collect$$rtentry$$0000000A  c_w.l(__rtentry2.o)
    0x08000218   0x00000000   Code   RO         4458    .ARM.Collect$$rtentry$$0000000C  c_w.l(__rtentry2.o)
    0x08000218   0x00000008   Code   RO         4459    .ARM.Collect$$rtentry$$0000000D  c_w.l(__rtentry2.o)
    0x08000220   0x00000002   Code   RO         4494    .ARM.Collect$$rtexit$$00000000  c_w.l(rtexit.o)
    0x08000222   0x00000000   Code   RO         4546    .ARM.Collect$$rtexit$$00000002  c_w.l(rtexit2.o)
    0x08000222   0x00000004   Code   RO         4547    .ARM.Collect$$rtexit$$00000003  c_w.l(rtexit2.o)
    0x08000226   0x00000006   Code   RO         4548    .ARM.Collect$$rtexit$$00000004  c_w.l(rtexit2.o)
    0x0800022c   0x00000040   Code   RO         1166  * .text               startup_stm32f10x_hd.o
    0x0800026c   0x00000002   Code   RO         4300    .text               c_w.l(use_no_semi_2.o)
    0x0800026e   0x00000048   Code   RO         4302    .text               c_w.l(llsdiv.o)
    0x080002b6   0x00000002   PAD
    0x080002b8   0x00000018   Code   RO         4306    .text               c_w.l(noretval__2printf.o)
    0x080002d0   0x0000004e   Code   RO         4310    .text               c_w.l(_printf_pad.o)
    0x0800031e   0x00000052   Code   RO         4312    .text               c_w.l(_printf_str.o)
    0x08000370   0x00000078   Code   RO         4314    .text               c_w.l(_printf_dec.o)
    0x080003e8   0x00000058   Code   RO         4319    .text               c_w.l(_printf_hex_int.o)
    0x08000440   0x00000188   Code   RO         4354    .text               c_w.l(__printf_flags_ss_wp.o)
    0x080005c8   0x00000048   Code   RO         4363    .text               c_w.l(strcpy.o)
    0x08000610   0x0000008a   Code   RO         4369    .text               c_w.l(rt_memcpy_v6.o)
    0x0800069a   0x00000002   PAD
    0x0800069c   0x00000080   Code   RO         4371    .text               c_w.l(strcmpv7m.o)
    0x0800071c   0x00000006   Code   RO         4373    .text               c_w.l(heapauxi.o)
    0x08000722   0x00000002   Code   RO         4427    .text               c_w.l(use_no_semi.o)
    0x08000724   0x000000ee   Code   RO         4430    .text               c_w.l(lludivv7m.o)
    0x08000812   0x000000b2   Code   RO         4432    .text               c_w.l(_printf_intcommon.o)
    0x080008c4   0x0000002c   Code   RO         4434    .text               c_w.l(_printf_char.o)
    0x080008f0   0x00000024   Code   RO         4436    .text               c_w.l(_printf_char_file.o)
    0x08000914   0x00000064   Code   RO         4439    .text               c_w.l(rt_memcpy_w.o)
    0x08000978   0x00000030   Code   RO         4471    .text               c_w.l(_printf_char_common.o)
    0x080009a8   0x00000008   Code   RO         4473    .text               c_w.l(ferror.o)
    0x080009b0   0x0000004a   Code   RO         4477    .text               c_w.l(sys_stackheap_outer.o)
    0x080009fa   0x0000000c   Code   RO         4483    .text               c_w.l(exit.o)
    0x08000a06   0x00000002   PAD
    0x08000a08   0x00000008   Code   RO         4491    .text               c_w.l(libspace.o)
    0x08000a10   0x00000004   Code   RO          203    i.BusFault_Handler  stm32f10x_it.o
    0x08000a14   0x00000020   Code   RO         1076    i.Cls_Buff          usart.o
    0x08000a34   0x00000030   Code   RO          685    i.CmdError          sdio_sdcard.o
    0x08000a64   0x00000060   Code   RO          686    i.CmdResp1Error     sdio_sdcard.o
    0x08000ac4   0x00000054   Code   RO          687    i.CmdResp2Error     sdio_sdcard.o
    0x08000b18   0x00000038   Code   RO          688    i.CmdResp3Error     sdio_sdcard.o
    0x08000b50   0x00000090   Code   RO          689    i.CmdResp6Error     sdio_sdcard.o
    0x08000be0   0x0000004c   Code   RO          690    i.CmdResp7Error     sdio_sdcard.o
    0x08000c2c   0x00000018   Code   RO         2814    i.DMA_Cmd           stm32f10x_dma.o
    0x08000c44   0x0000014c   Code   RO         2815    i.DMA_DeInit        stm32f10x_dma.o
    0x08000d90   0x0000003c   Code   RO         2820    i.DMA_Init          stm32f10x_dma.o
    0x08000dcc   0x00000002   Code   RO          204    i.DebugMon_Handler  stm32f10x_it.o
    0x08000dce   0x00000002   PAD
    0x08000dd0   0x00000028   Code   RO          387    i.EXTI2_IRQHandler  limit_switch.o
    0x08000df8   0x00000028   Code   RO          388    i.EXTI3_IRQHandler  limit_switch.o
    0x08000e20   0x0000000c   Code   RO         2249    i.EXTI_ClearITPendingBit  stm32f10x_exti.o
    0x08000e2c   0x00000028   Code   RO         2253    i.EXTI_GetITStatus  stm32f10x_exti.o
    0x08000e54   0x00000094   Code   RO         2254    i.EXTI_Init         stm32f10x_exti.o
    0x08000ee8   0x00000194   Code   RO          691    i.FindSCR           sdio_sdcard.o
    0x0800107c   0x00000040   Code   RO         1209    i.GPIO_EXTILineConfig  stm32f10x_gpio.o
    0x080010bc   0x00000116   Code   RO         1212    i.GPIO_Init         stm32f10x_gpio.o
    0x080011d2   0x00000004   Code   RO         1220    i.GPIO_SetBits      stm32f10x_gpio.o
    0x080011d6   0x00000004   Code   RO          205    i.HardFault_Handler  stm32f10x_it.o
    0x080011da   0x00000004   Code   RO         1048    i.INTX_DISABLE      sys.o
    0x080011de   0x00000004   Code   RO         1049    i.INTX_ENABLE       sys.o
    0x080011e2   0x00000002   PAD
    0x080011e4   0x0000009c   Code   RO          692    i.IsCardProgramming  sdio_sdcard.o
    0x08001280   0x0000003c   Code   RO          444    i.KEY_Init          key.o
    0x080012bc   0x00000004   Code   RO          206    i.MemManage_Handler  stm32f10x_it.o
    0x080012c0   0x00000002   Code   RO          207    i.NMI_Handler       stm32f10x_it.o
    0x080012c2   0x00000002   PAD
    0x080012c4   0x00000070   Code   RO         1170    i.NVIC_Init         misc.o
    0x08001334   0x00000014   Code   RO         1171    i.NVIC_PriorityGroupConfig  misc.o
    0x08001348   0x00000030   Code   RO          420    i.PUSH_False        push.o
    0x08001378   0x0000007c   Code   RO          421    i.PUSH_Init         push.o
    0x080013f4   0x00000030   Code   RO          422    i.PUSH_True         push.o
    0x08001424   0x00000002   Code   RO          208    i.PendSV_Handler    stm32f10x_it.o
    0x08001426   0x00000002   PAD
    0x08001428   0x00000020   Code   RO         1321    i.RCC_AHBPeriphClockCmd  stm32f10x_rcc.o
    0x08001448   0x00000020   Code   RO         1322    i.RCC_APB1PeriphClockCmd  stm32f10x_rcc.o
    0x08001468   0x00000020   Code   RO         1323    i.RCC_APB1PeriphResetCmd  stm32f10x_rcc.o
    0x08001488   0x00000020   Code   RO         1324    i.RCC_APB2PeriphClockCmd  stm32f10x_rcc.o
    0x080014a8   0x00000020   Code   RO         1325    i.RCC_APB2PeriphResetCmd  stm32f10x_rcc.o
    0x080014c8   0x000000d4   Code   RO         1332    i.RCC_GetClocksFreq  stm32f10x_rcc.o
    0x0800159c   0x000000ac   Code   RO          693    i.SDEnWideBus       sdio_sdcard.o
    0x08001648   0x0000000c   Code   RO         2885    i.SDIO_ClearFlag    stm32f10x_sdio.o
    0x08001654   0x0000000c   Code   RO         2887    i.SDIO_ClockCmd     stm32f10x_sdio.o
    0x08001660   0x00000014   Code   RO          694    i.SDIO_Clock_Set    sdio_sdcard.o
    0x08001674   0x0000000c   Code   RO         2890    i.SDIO_DMACmd       stm32f10x_sdio.o
    0x08001680   0x00000030   Code   RO         2891    i.SDIO_DataConfig   stm32f10x_sdio.o
    0x080016b0   0x00000024   Code   RO         2893    i.SDIO_DeInit       stm32f10x_sdio.o
    0x080016d4   0x00000018   Code   RO         2897    i.SDIO_GetFlagStatus  stm32f10x_sdio.o
    0x080016ec   0x00000010   Code   RO         2899    i.SDIO_GetPowerState  stm32f10x_sdio.o
    0x080016fc   0x00000008   Code   RO          695    i.SDIO_IRQHandler   sdio_sdcard.o
    0x08001704   0x00000030   Code   RO         2902    i.SDIO_Init         stm32f10x_sdio.o
    0x08001734   0x0000000c   Code   RO         2903    i.SDIO_ReadData     stm32f10x_sdio.o
    0x08001740   0x0000002c   Code   RO         2905    i.SDIO_SendCommand  stm32f10x_sdio.o
    0x0800176c   0x0000001c   Code   RO         2907    i.SDIO_SetPowerState  stm32f10x_sdio.o
    0x08001788   0x0000000c   Code   RO         2913    i.SDIO_WriteData    stm32f10x_sdio.o
    0x08001794   0x00000068   Code   RO          696    i.SD_DMA_Config     sdio_sdcard.o
    0x080017fc   0x00000068   Code   RO          697    i.SD_EnableWideBusOperation  sdio_sdcard.o
    0x08001864   0x00000314   Code   RO          698    i.SD_GetCardInfo    sdio_sdcard.o
    0x08001b78   0x00000100   Code   RO          700    i.SD_Init           sdio_sdcard.o
    0x08001c78   0x00000154   Code   RO          701    i.SD_InitializeCards  sdio_sdcard.o
    0x08001dcc   0x000001dc   Code   RO          703    i.SD_PowerON        sdio_sdcard.o
    0x08001fa8   0x0000013c   Code   RO          704    i.SD_ProcessIRQSrc  sdio_sdcard.o
    0x080020e4   0x00000258   Code   RO          705    i.SD_ReadBlock      sdio_sdcard.o
    0x0800233c   0x00000098   Code   RO          706    i.SD_ReadDisk       sdio_sdcard.o
    0x080023d4   0x000002e8   Code   RO          707    i.SD_ReadMultiBlocks  sdio_sdcard.o
    0x080026bc   0x00000030   Code   RO          708    i.SD_SelectDeselect  sdio_sdcard.o
    0x080026ec   0x00000018   Code   RO          710    i.SD_SetDeviceMode  sdio_sdcard.o
    0x08002704   0x00000374   Code   RO          711    i.SD_WriteBlock     sdio_sdcard.o
    0x08002a78   0x00000098   Code   RO          712    i.SD_WriteDisk      sdio_sdcard.o
    0x08002b10   0x000003c0   Code   RO          713    i.SD_WriteMultiBlocks  sdio_sdcard.o
    0x08002ed0   0x00000094   Code   RO          885    i.SPI2_Init         spi.o
    0x08002f64   0x00000054   Code   RO          886    i.SPI2_ReadWriteByte  spi.o
    0x08002fb8   0x00000028   Code   RO          887    i.SPI2_SetSpeed     spi.o
    0x08002fe0   0x00000018   Code   RO         2673    i.SPI_Cmd           stm32f10x_spi.o
    0x08002ff8   0x00000012   Code   RO         2681    i.SPI_I2S_GetFlagStatus  stm32f10x_spi.o
    0x0800300a   0x00000006   Code   RO         2684    i.SPI_I2S_ReceiveData  stm32f10x_spi.o
    0x08003010   0x00000004   Code   RO         2685    i.SPI_I2S_SendData  stm32f10x_spi.o
    0x08003014   0x0000003c   Code   RO         2686    i.SPI_Init          stm32f10x_spi.o
    0x08003050   0x000000d8   Code   RO          326    i.STEP_M            step_motor.o
    0x08003128   0x00000002   Code   RO          209    i.SVC_Handler       stm32f10x_it.o
    0x0800312a   0x00000002   PAD
    0x0800312c   0x000000a8   Code   RO          351    i.Servo_Init        servo.o
    0x080031d4   0x00000008   Code   RO          292    i.SetSysClock       system_stm32f10x.o
    0x080031dc   0x000000e0   Code   RO          293    i.SetSysClockTo72   system_stm32f10x.o
    0x080032bc   0x00000040   Code   RO          327    i.Stmo_Init         step_motor.o
    0x080032fc   0x00000028   Code   RO         1174    i.SysTick_CLKSourceConfig  misc.o
    0x08003324   0x00000002   Code   RO          210    i.SysTick_Handler   stm32f10x_it.o
    0x08003326   0x00000002   PAD
    0x08003328   0x00000060   Code   RO          295    i.SystemInit        system_stm32f10x.o
    0x08003388   0x00000038   Code   RO         3819    i.TIM4_IRQHandler   usmart.o
    0x080033c0   0x00000006   Code   RO         1530    i.TIM_ClearFlag     stm32f10x_tim.o
    0x080033c6   0x00000006   Code   RO         1531    i.TIM_ClearITPendingBit  stm32f10x_tim.o
    0x080033cc   0x00000018   Code   RO         1536    i.TIM_Cmd           stm32f10x_tim.o
    0x080033e4   0x00000006   Code   RO         1555    i.TIM_GetCounter    stm32f10x_tim.o
    0x080033ea   0x00000012   Code   RO         1556    i.TIM_GetFlagStatus  stm32f10x_tim.o
    0x080033fc   0x00000022   Code   RO         1557    i.TIM_GetITStatus   stm32f10x_tim.o
    0x0800341e   0x00000012   Code   RO         1561    i.TIM_ITConfig      stm32f10x_tim.o
    0x08003430   0x00000098   Code   RO         1565    i.TIM_OC1Init       stm32f10x_tim.o
    0x080034c8   0x00000012   Code   RO         1568    i.TIM_OC1PreloadConfig  stm32f10x_tim.o
    0x080034da   0x00000002   PAD
    0x080034dc   0x000000a4   Code   RO         1570    i.TIM_OC2Init       stm32f10x_tim.o
    0x08003580   0x0000001a   Code   RO         1573    i.TIM_OC2PreloadConfig  stm32f10x_tim.o
    0x0800359a   0x00000004   Code   RO         1595    i.TIM_SetAutoreload  stm32f10x_tim.o
    0x0800359e   0x00000004   Code   RO         1598    i.TIM_SetCompare2   stm32f10x_tim.o
    0x080035a2   0x00000004   Code   RO         1601    i.TIM_SetCounter    stm32f10x_tim.o
    0x080035a6   0x00000002   PAD
    0x080035a8   0x000000a4   Code   RO         1607    i.TIM_TimeBaseInit  stm32f10x_tim.o
    0x0800364c   0x0000005c   Code   RO         3820    i.Timer4_Init       usmart.o
    0x080036a8   0x00000098   Code   RO         1077    i.UART4_Init        usart.o
    0x08003740   0x00000088   Code   RO         1080    i.USART2_IRQHandler  usart.o
    0x080037c8   0x000000a4   Code   RO         1081    i.USART2_Init       usart.o
    0x0800386c   0x00000002   Code   RO         1082    i.USART3_IRQHandler  usart.o
    0x0800386e   0x00000012   Code   RO         2068    i.USART_ClearFlag   stm32f10x_usart.o
    0x08003880   0x00000018   Code   RO         2072    i.USART_Cmd         stm32f10x_usart.o
    0x08003898   0x0000009c   Code   RO         2074    i.USART_DeInit      stm32f10x_usart.o
    0x08003934   0x00000054   Code   RO         2076    i.USART_GetITStatus  stm32f10x_usart.o
    0x08003988   0x0000004a   Code   RO         2078    i.USART_ITConfig    stm32f10x_usart.o
    0x080039d2   0x00000002   PAD
    0x080039d4   0x000000d8   Code   RO         2079    i.USART_Init        stm32f10x_usart.o
    0x08003aac   0x0000000a   Code   RO         2086    i.USART_ReceiveData  stm32f10x_usart.o
    0x08003ab6   0x00000004   Code   RO          211    i.UsageFault_Handler  stm32f10x_it.o
    0x08003aba   0x00000002   PAD
    0x08003abc   0x00000058   Code   RO          913    i.W25QXX_Erase_Sector  w25qxx.o
    0x08003b14   0x00000058   Code   RO          914    i.W25QXX_Init       w25qxx.o
    0x08003b6c   0x00000050   Code   RO          916    i.W25QXX_Read       w25qxx.o
    0x08003bbc   0x00000048   Code   RO          917    i.W25QXX_ReadID     w25qxx.o
    0x08003c04   0x0000002c   Code   RO          918    i.W25QXX_ReadSR     w25qxx.o
    0x08003c30   0x00000012   Code   RO          920    i.W25QXX_Wait_Busy  w25qxx.o
    0x08003c42   0x00000002   PAD
    0x08003c44   0x000000b8   Code   RO          921    i.W25QXX_Write      w25qxx.o
    0x08003cfc   0x00000020   Code   RO          923    i.W25QXX_Write_Enable  w25qxx.o
    0x08003d1c   0x00000046   Code   RO          924    i.W25QXX_Write_NoCheck  w25qxx.o
    0x08003d62   0x00000002   PAD
    0x08003d64   0x00000054   Code   RO          925    i.W25QXX_Write_Page  w25qxx.o
    0x08003db8   0x0000000e   Code   RO         4347    i._is_digit         c_w.l(__printf_wp.o)
    0x08003dc6   0x00000006   Code   RO         1083    i._sys_exit         usart.o
    0x08003dcc   0x0000010c   Code   RO         4113    i.ai_draw_init      piclib.o
    0x08003ed8   0x000000d0   Code   RO         4114    i.ai_load_picfile   piclib.o
    0x08003fa8   0x0000001e   Code   RO         4179    i.alloc_pool        tjpgd.o
    0x08003fc6   0x00000090   Code   RO         4180    i.bitext            tjpgd.o
    0x08004056   0x00000002   PAD
    0x08004058   0x000002a8   Code   RO         4181    i.block_idct        tjpgd.o
    0x08004300   0x0000001a   Code   RO         3130    i.char_upper        exfuns.o
    0x0800431a   0x00000002   PAD
    0x0800431c   0x00000090   Code   RO         3175    i.check_fs          ff.o
    0x080043ac   0x00000014   Code   RO         3176    i.chk_chr           ff.o
    0x080043c0   0x00000032   Code   RO         3177    i.clmt_clust        ff.o
    0x080043f2   0x0000001a   Code   RO         3178    i.clust2sect        ff.o
    0x0800440c   0x00000090   Code   RO         3179    i.cmp_lfn           ff.o
    0x0800449c   0x00000012   Code   RO          714    i.convert_from_bytes_to_power_of_two  sdio_sdcard.o
    0x080044ae   0x000000d6   Code   RO         3180    i.create_chain      ff.o
    0x08004584   0x00000134   Code   RO         4182    i.create_huffman_tbl  tjpgd.o
    0x080046b8   0x00000270   Code   RO         3181    i.create_name       ff.o
    0x08004928   0x00000074   Code   RO         4183    i.create_qt_tbl     tjpgd.o
    0x0800499c   0x00000044   Code   RO         1015    i.delay_init        delay.o
    0x080049e0   0x0000003c   Code   RO         1016    i.delay_ms          delay.o
    0x08004a1c   0x00000016   Code   RO         1017    i.delay_s           delay.o
    0x08004a32   0x00000002   PAD
    0x08004a34   0x0000003c   Code   RO         1018    i.delay_us          delay.o
    0x08004a70   0x0000005c   Code   RO         3182    i.dir_alloc         ff.o
    0x08004acc   0x000000ea   Code   RO         3183    i.dir_find          ff.o
    0x08004bb6   0x0000010e   Code   RO         3184    i.dir_next          ff.o
    0x08004cc4   0x000000c6   Code   RO         3185    i.dir_read          ff.o
    0x08004d8a   0x0000012a   Code   RO         3186    i.dir_register      ff.o
    0x08004eb4   0x0000009e   Code   RO         3188    i.dir_sdi           ff.o
    0x08004f52   0x00000002   PAD
    0x08004f54   0x00000038   Code   RO         3070    i.disk_initialize   diskio.o
    0x08004f8c   0x000000b4   Code   RO         3071    i.disk_ioctl        diskio.o
    0x08005040   0x0000007a   Code   RO         3072    i.disk_read         diskio.o
    0x080050ba   0x00000006   Code   RO         3073    i.disk_status       diskio.o
    0x080050c0   0x0000007a   Code   RO         3074    i.disk_write        diskio.o
    0x0800513a   0x00000080   Code   RO          389    i.exit_init         limit_switch.o
    0x080051ba   0x00000020   Code   RO         3190    i.f_close           ff.o
    0x080051da   0x000002ac   Code   RO         3195    i.f_lseek           ff.o
    0x08005486   0x00000180   Code   RO         3199    i.f_open            ff.o
    0x08005606   0x00000088   Code   RO         3200    i.f_opendir         ff.o
    0x0800568e   0x000001b0   Code   RO         3204    i.f_read            ff.o
    0x0800583e   0x00000072   Code   RO         3205    i.f_readdir         ff.o
    0x080058b0   0x000000b0   Code   RO         3209    i.f_sync            ff.o
    0x08005960   0x000000c0   Code   RO         3133    i.f_typetell        exfuns.o
    0x08005a20   0x00000098   Code   RO         3658    i.ff_convert        mycc936.o
    0x08005ab8   0x0000000e   Code   RO         3075    i.ff_memalloc       diskio.o
    0x08005ac6   0x0000000e   Code   RO         3076    i.ff_memfree        diskio.o
    0x08005ad4   0x00000038   Code   RO         3659    i.ff_wtoupper       mycc936.o
    0x08005b0c   0x00000394   Code   RO         3214    i.find_volume       ff.o
    0x08005ea0   0x00000080   Code   RO         3215    i.fit_lfn           ff.o
    0x08005f20   0x00000090   Code   RO         3216    i.follow_path       ff.o
    0x08005fb0   0x0000001c   Code   RO         1084    i.fputc             usart.o
    0x08005fcc   0x000000cc   Code   RO         3217    i.gen_numname       ff.o
    0x08006098   0x000000f2   Code   RO         3218    i.get_fat           ff.o
    0x0800618a   0x00000004   Code   RO         3077    i.get_fattime       diskio.o
    0x0800618e   0x00000110   Code   RO         3219    i.get_fileinfo      ff.o
    0x0800629e   0x0000004a   Code   RO         3220    i.get_ldnumber      ff.o
    0x080062e8   0x00000058   Code   RO         4004    i.gif_check_head    gif.o
    0x08006340   0x000001f4   Code   RO         4005    i.gif_clear2bkcolor  gif.o
    0x08006534   0x0000012c   Code   RO         4006    i.gif_decode        gif.o
    0x08006660   0x00000228   Code   RO         4007    i.gif_dispimage     gif.o
    0x08006888   0x00000154   Code   RO         4008    i.gif_drawimage     gif.o
    0x080069dc   0x00000060   Code   RO         4009    i.gif_getdatablock  gif.o
    0x08006a3c   0x00000046   Code   RO         4010    i.gif_getinfo       gif.o
    0x08006a82   0x00000358   Code   RO         4011    i.gif_getnextbyte   gif.o
    0x08006dda   0x00000002   PAD
    0x08006ddc   0x000001c8   Code   RO         4012    i.gif_getnextcode   gif.o
    0x08006fa4   0x0000001c   Code   RO         4013    i.gif_getrgb565     gif.o
    0x08006fc0   0x00000098   Code   RO         4014    i.gif_initlzw       gif.o
    0x08007058   0x00000040   Code   RO         4016    i.gif_readcolortbl  gif.o
    0x08007098   0x000000a0   Code   RO         4017    i.gif_readextension  gif.o
    0x08007138   0x00000026   Code   RO         4018    i.gif_recovergctbl  gif.o
    0x0800715e   0x00000026   Code   RO         4019    i.gif_savegctbl     gif.o
    0x08007184   0x000000c0   Code   RO         4184    i.huffext           tjpgd.o
    0x08007244   0x00000028   Code   RO         4115    i.is_element_ok     piclib.o
    0x0800726c   0x000000a2   Code   RO         4185    i.jd_decomp         tjpgd.o
    0x0800730e   0x0000039c   Code   RO         4186    i.jd_prepare        tjpgd.o
    0x080076aa   0x00000002   PAD
    0x080076ac   0x00000028   Code   RO         4187    i.jpeg_freeall      tjpgd.o
    0x080076d4   0x00000030   Code   RO         4188    i.jpeg_in_func      tjpgd.o
    0x08007704   0x00000054   Code   RO         4189    i.jpeg_mallocall    tjpgd.o
    0x08007758   0x00000054   Code   RO         4190    i.jpeg_out_func_fill  tjpgd.o
    0x080077ac   0x000000c0   Code   RO         4191    i.jpeg_out_func_point  tjpgd.o
    0x0800786c   0x00000104   Code   RO         4192    i.jpg_decode        tjpgd.o
    0x08007970   0x00000020   Code   RO         3221    i.ld_clust          ff.o
    0x08007990   0x00000024   Code   RO          390    i.limit_switch_gpio_init  limit_switch.o
    0x080079b4   0x00000208   Code   RO            1    i.main              main.o
    0x08007bbc   0x000001e0   Code   RO         4193    i.mcu_load          tjpgd.o
    0x08007d9c   0x00000394   Code   RO         4194    i.mcu_output        tjpgd.o
    0x08008130   0x00000026   Code   RO         3222    i.mem_cmp           ff.o
    0x08008156   0x0000001a   Code   RO         3223    i.mem_cpy           ff.o
    0x08008170   0x00000014   Code   RO         3224    i.mem_set           ff.o
    0x08008184   0x00000090   Code   RO         3531    i.mf_scan_files     fattester.o
    0x08008214   0x000003d0   Code   RO         3981    i.minibmp_decode    bmp.o
    0x080085e4   0x00000034   Code   RO         3225    i.move_window       ff.o
    0x08008618   0x0000006c   Code   RO         3677    i.my_mem_free       malloc_1.o
    0x08008684   0x00000044   Code   RO         3678    i.my_mem_init       malloc_1.o
    0x080086c8   0x000000a8   Code   RO         3679    i.my_mem_malloc     malloc_1.o
    0x08008770   0x00000040   Code   RO         3680    i.my_mem_perused    malloc_1.o
    0x080087b0   0x00000024   Code   RO         3681    i.myfree            malloc_1.o
    0x080087d4   0x00000028   Code   RO         3682    i.mymalloc          malloc_1.o
    0x080087fc   0x00000014   Code   RO         3684    i.mymemset          malloc_1.o
    0x08008810   0x0000000e   Code   RO         4116    i.pic_memalloc      piclib.o
    0x0800881e   0x0000000e   Code   RO         4117    i.pic_memfree       piclib.o
    0x0800882c   0x00000074   Code   RO         3226    i.pick_lfn          ff.o
    0x080088a0   0x00000030   Code   RO         4118    i.piclib_alpha_blend  piclib.o
    0x080088d0   0x00000142   Code   RO         3227    i.put_fat           ff.o
    0x08008a12   0x00000006   Code   RO         3821    i.read_addr         usmart.o
    0x08008a18   0x0000006c   Code   RO         3229    i.remove_chain      ff.o
    0x08008a84   0x00000070   Code   RO         4195    i.restart           tjpgd.o
    0x08008af4   0x0000005c   Code   RO          355    i.servo2_go         servo.o
    0x08008b50   0x00000010   Code   RO         3230    i.st_clust          ff.o
    0x08008b60   0x000002d0   Code   RO         3982    i.stdbmp_decode     bmp.o
    0x08008e30   0x00000080   Code   RO          328    i.step_motor_init   step_motor.o
    0x08008eb0   0x00000020   Code   RO         3231    i.sum_sfn           ff.o
    0x08008ed0   0x000000c8   Code   RO         3232    i.sync_fs           ff.o
    0x08008f98   0x00000052   Code   RO         3233    i.sync_window       ff.o
    0x08008fea   0x00000002   PAD
    0x08008fec   0x000000b0   Code   RO         3822    i.usmart_cmd_rec    usmart.o
    0x0800909c   0x000002d4   Code   RO         3823    i.usmart_exe        usmart.o
    0x08009370   0x000000c8   Code   RO         3908    i.usmart_get_aparm  usmart_str.o
    0x08009438   0x00000036   Code   RO         3909    i.usmart_get_cmdname  usmart_str.o
    0x0800946e   0x00000002   PAD
    0x08009470   0x000001c0   Code   RO         3910    i.usmart_get_fname  usmart_str.o
    0x08009630   0x0000010c   Code   RO         3911    i.usmart_get_fparam  usmart_str.o
    0x0800973c   0x00000020   Code   RO         3912    i.usmart_get_parmpos  usmart_str.o
    0x0800975c   0x00000044   Code   RO         3824    i.usmart_get_runtime  usmart.o
    0x080097a0   0x00000028   Code   RO         3825    i.usmart_init       usmart.o
    0x080097c8   0x00000016   Code   RO         3913    i.usmart_pow        usmart_str.o
    0x080097de   0x00000002   PAD
    0x080097e0   0x00000030   Code   RO         3826    i.usmart_reset_runtime  usmart.o
    0x08009810   0x000000bc   Code   RO         3827    i.usmart_scan       usmart.o
    0x080098cc   0x00000016   Code   RO         3914    i.usmart_search_nextc  usmart_str.o
    0x080098e2   0x000000ca   Code   RO         3915    i.usmart_str2num    usmart_str.o
    0x080099ac   0x00000022   Code   RO         3916    i.usmart_strcmp     usmart_str.o
    0x080099ce   0x00000016   Code   RO         3917    i.usmart_strcopy    usmart_str.o
    0x080099e4   0x00000018   Code   RO         3918    i.usmart_strlen     usmart_str.o
    0x080099fc   0x000006e4   Code   RO         3828    i.usmart_sys_cmd_exe  usmart.o
    0x0800a0e0   0x00000036   Code   RO         3234    i.validate          ff.o
    0x0800a116   0x00000004   Code   RO         3829    i.write_addr        usmart.o
    0x0800a11a   0x00000002   PAD
    0x0800a11c   0x00000150   Code   RO         4377    x$fpl$dadd          fz_ws.l(daddsub_clz.o)
    0x0800a26c   0x000002b0   Code   RO         4384    x$fpl$ddiv          fz_ws.l(ddiv.o)
    0x0800a51c   0x0000005a   Code   RO         4387    x$fpl$dfixu         fz_ws.l(dfixu.o)
    0x0800a576   0x00000026   Code   RO         4391    x$fpl$dfltu         fz_ws.l(dflt_clz.o)
    0x0800a59c   0x0000009c   Code   RO         4441    x$fpl$dnaninf       fz_ws.l(dnaninf.o)
    0x0800a638   0x0000000c   Code   RO         4443    x$fpl$dretinf       fz_ws.l(dretinf.o)
    0x0800a644   0x00000016   Code   RO         4378    x$fpl$drsb          fz_ws.l(daddsub_clz.o)
    0x0800a65a   0x00000002   PAD
    0x0800a65c   0x000001d4   Code   RO         4379    x$fpl$dsub          fz_ws.l(daddsub_clz.o)
    0x0800a830   0x000000c4   Code   RO         4399    x$fpl$fadd          fz_ws.l(faddsub_clz.o)
    0x0800a8f4   0x00000018   Code   RO         4445    x$fpl$fcmpinf       fz_ws.l(fcmpi.o)
    0x0800a90c   0x00000184   Code   RO         4406    x$fpl$fdiv          fz_ws.l(fdiv.o)
    0x0800aa90   0x0000003e   Code   RO         4411    x$fpl$ffixu         fz_ws.l(ffixu.o)
    0x0800aace   0x00000002   PAD
    0x0800aad0   0x00000026   Code   RO         4415    x$fpl$ffltu         fz_ws.l(fflt_clz.o)
    0x0800aaf6   0x00000002   PAD
    0x0800aaf8   0x00000068   Code   RO         4421    x$fpl$fleqf         fz_ws.l(fleqf.o)
    0x0800ab60   0x00000102   Code   RO         4423    x$fpl$fmul          fz_ws.l(fmul.o)
    0x0800ac62   0x0000008c   Code   RO         4447    x$fpl$fnaninf       fz_ws.l(fnaninf.o)
    0x0800acee   0x0000000a   Code   RO         4449    x$fpl$fretinf       fz_ws.l(fretinf.o)
    0x0800acf8   0x00000062   Code   RO         4425    x$fpl$frleqf        fz_ws.l(frleqf.o)
    0x0800ad5a   0x00000002   PAD
    0x0800ad5c   0x000000ea   Code   RO         4401    x$fpl$fsub          fz_ws.l(faddsub_clz.o)
    0x0800ae46   0x00000000   Code   RO         4451    x$fpl$usenofp       fz_ws.l(usenofp.o)
    0x0800ae46   0x00000002   PAD
    0x0800ae48   0x00000138   Data   RO         3135    .constdata          exfuns.o
    0x0800af80   0x0000003a   Data   RO         3235    .constdata          ff.o
    0x0800afba   0x000003c0   Data   RO         3660    .constdata          mycc936.o
    0x0800b37a   0x00000002   PAD
    0x0800b37c   0x00000018   Data   RO         3689    .constdata          malloc_1.o
    0x0800b394   0x00000028   Data   RO         4020    .constdata          gif.o
    0x0800b3bc   0x000004c0   Data   RO         4196    .constdata          tjpgd.o
    0x0800b87c   0x00000028   Data   RO         4320    .constdata          c_w.l(_printf_hex_int.o)
    0x0800b8a4   0x00000011   Data   RO         4355    .constdata          c_w.l(__printf_flags_ss_wp.o)
    0x0800b8b5   0x00000003   PAD
    0x0800b8b8   0x00000064   Data   RO         3136    .conststring        exfuns.o
    0x0800b91c   0x00000028   Data   RO         3830    .conststring        usmart.o
    0x0800b944   0x000000fc   Data   RO         3895    .conststring        usmart_config.o
    0x0800ba40   0x00000020   Data   RO         4617    Region$$Table       anon$$obj.o


    Execution Region ER_RW (Base: 0x20000000, Size: 0x000001c8, Max: 0xffffffff, ABSOLUTE, COMPRESSED[0x00000090])

    Base Addr    Size         Type   Attr      Idx    E Section Name        Object

    0x20000000   0x00000014   Data   RW          296    .data               system_stm32f10x.o
    0x20000014   0x00000001   Data   RW          391    .data               limit_switch.o
    0x20000015   0x00000003   PAD
    0x20000018   0x00000010   Data   RW          716    .data               sdio_sdcard.o
    0x20000028   0x00000002   Data   RW          928    .data               w25qxx.o
    0x2000002a   0x00000004   Data   RW         1019    .data               delay.o
    0x2000002e   0x00000002   PAD
    0x20000030   0x00000012   Data   RW         1087    .data               usart.o
    0x20000042   0x00000014   Data   RW         1352    .data               stm32f10x_rcc.o
    0x20000056   0x00000002   Data   RW         3078    .data               diskio.o
    0x20000058   0x0000000a   Data   RW         3236    .data               ff.o
    0x20000062   0x00000002   PAD
    0x20000064   0x0000001c   Data   RW         3690    .data               malloc_1.o
    0x20000080   0x0000001c   Data   RW         3831    .data               usmart.o
    0x2000009c   0x0000011c   Data   RW         3896    .data               usmart_config.o
    0x200001b8   0x00000001   Data   RW         4021    .data               gif.o
    0x200001b9   0x00000003   PAD
    0x200001bc   0x0000000c   Data   RW         4197    .data               tjpgd.o


    Execution Region ER_ZI (Base: 0x200001c8, Size: 0x0000c4d8, Max: 0xffffffff, ABSOLUTE)

    Base Addr    Size         Type   Attr      Idx    E Section Name        Object

    0x200001c8   0x0000000e   Zero   RW          494    .bss                lcd.o
    0x200001d6   0x00000002   PAD
    0x200001d8   0x000002c0   Zero   RW          715    .bss                sdio_sdcard.o
    0x20000498   0x00001000   Zero   RW          927    .bss                w25qxx.o
    0x20001498   0x000000fa   Zero   RW         1086    .bss                usart.o
    0x20001592   0x00000002   PAD
    0x20001594   0x00000044   Zero   RW         3134    .bss                exfuns.o
    0x200015d8   0x00000008   PAD
    0x200015e0   0x0000aa00   Zero   RW         3688    .bss                malloc_1.o
    0x2000bfe0   0x00000021   Zero   RW         3751    .bss                fontupd.o
    0x2000c001   0x00000003   PAD
    0x2000c004   0x0000003c   Zero   RW         4122    .bss                piclib.o
    0x2000c040   0x00000060   Zero   RW         4492    .bss                c_w.l(libspace.o)
    0x2000c0a0   0x00000200   Zero   RW         1164    HEAP                startup_stm32f10x_hd.o
    0x2000c2a0   0x00000400   Zero   RW         1163    STACK               startup_stm32f10x_hd.o



  Load Region LR$$.ARM.__AT_0x68000000 (Base: 0x68000000, Size: 0x00000000, Max: 0x00000020, ABSOLUTE)

    Execution Region ER$$.ARM.__AT_0x68000000 (Base: 0x68000000, Size: 0x00000020, Max: 0x00000020, ABSOLUTE, UNINIT)

    Base Addr    Size         Type   Attr      Idx    E Section Name        Object

    0x68000000   0x00000020   Zero   RW         3686    .ARM.__AT_0x68000000  malloc_1.o



  Load Region LR$$.ARM.__AT_0x68000020 (Base: 0x68000020, Size: 0x00000000, Max: 0x00000004, ABSOLUTE)

    Execution Region ER$$.ARM.__AT_0x68000020 (Base: 0x68000020, Size: 0x00000004, Max: 0x00000004, ABSOLUTE, UNINIT)

    Base Addr    Size         Type   Attr      Idx    E Section Name        Object

    0x68000020   0x00000002   Zero   RW         3687    .ARM.__AT_0x68000020  malloc_1.o


==============================================================================

Image component sizes


      Code (inc. data)   RO Data    RW Data    ZI Data      Debug   Object Name

      1696         18          0          0          0       4285   bmp.o
       210         26          0          4          0       2029   delay.o
       518         14          0          2          0       6048   diskio.o
       218          4        412          0         68       4814   exfuns.o
       144         24          0          0          0       1144   fattester.o
      7508         62         58         10          0      34891   ff.o
         0          0          0          0         33       1365   fontupd.o
      3738         26         40          1          0      13625   gif.o
        60          8          0          0          0        459   key.o
         0          0          0          0         14       2222   lcd.o
       244         24          0          1          0       2158   limit_switch.o
       520         12          0          0          0     282791   main.o
       504         60         24         28      43554       5633   malloc_1.o
       172         22          0          0          0       1933   misc.o
       208         16        960          0          0       1779   mycc936.o
       592         28          0          0         60       5053   piclib.o
       220         62          0          0          0       1273   push.o
      7230        386          0         16        704      31542   sdio_sdcard.o
       260         28          0          0          0       1125   servo.o
       272         18          0          0          0       1653   spi.o
        64         26        304          0       1536        772   startup_stm32f10x_hd.o
       408         44          0          0          0       1615   step_motor.o
       416          8          0          0          0       3294   stm32f10x_dma.o
       200         18          0          0          0       1972   stm32f10x_exti.o
       346          4          0          0          0       2977   stm32f10x_gpio.o
        26          0          0          0          0       3426   stm32f10x_it.o
       372         50          0         20          0       5904   stm32f10x_rcc.o
       304         72          0          0          0       7626   stm32f10x_sdio.o
       112          0          0          0          0       3626   stm32f10x_spi.o
       648         72          0          0          0       8916   stm32f10x_tim.o
       582         28          0          0          0       5855   stm32f10x_usart.o
         8          0          0          0          0        805   sys.o
       328         28          0         20          0       1937   system_stm32f10x.o
      4772        126       1216         12          0      21437   tjpgd.o
       520         46          0         18        250       5849   usart.o
      3166       1330         40         28          0       7114   usmart.o
         0          0        252        284          0       1488   usmart_config.o
      1328         20          0          0          0       7921   usmart_str.o
       760         70          0          2       4096       6121   w25qxx.o

    ----------------------------------------------------------------------
     38718       2780       3340        456      50332     504477   Object Totals
         0          0         32          0          0          0   (incl. Generated)
        44          0          2         10         17          0   (incl. Padding)

    ----------------------------------------------------------------------

      Code (inc. data)   RO Data    RW Data    ZI Data      Debug   Library Member Name

        90          0          0          0          0          0   __dczerorl2.o
         8          0          0          0          0         68   __main.o
       392          4         17          0          0         92   __printf_flags_ss_wp.o
        14          0          0          0          0         68   __printf_wp.o
         0          0          0          0          0          0   __rtentry.o
        12          0          0          0          0          0   __rtentry2.o
         6          0          0          0          0          0   __rtentry4.o
        52          8          0          0          0          0   __scatter.o
        28          0          0          0          0          0   __scatter_zi.o
         6          0          0          0          0          0   _printf_c.o
        44          0          0          0          0        108   _printf_char.o
        48          6          0          0          0         96   _printf_char_common.o
        36          4          0          0          0         80   _printf_char_file.o
         6          0          0          0          0          0   _printf_d.o
       120         16          0          0          0         92   _printf_dec.o
        88          4         40          0          0         88   _printf_hex_int.o
       178          0          0          0          0         88   _printf_intcommon.o
        78          0          0          0          0        108   _printf_pad.o
         0          0          0          0          0          0   _printf_percent.o
         4          0          0          0          0          0   _printf_percent_end.o
         6          0          0          0          0          0   _printf_s.o
        82          0          0          0          0         80   _printf_str.o
         6          0          0          0          0          0   _printf_u.o
         6          0          0          0          0          0   _printf_x.o
        12          0          0          0          0         72   exit.o
         8          0          0          0          0         68   ferror.o
         6          0          0          0          0        152   heapauxi.o
         2          0          0          0          0          0   libinit.o
         2          0          0          0          0          0   libinit2.o
         2          0          0          0          0          0   libshutdown.o
         2          0          0          0          0          0   libshutdown2.o
         8          4          0          0         96         68   libspace.o
        72          0          0          0          0         76   llsdiv.o
       238          0          0          0          0        100   lludivv7m.o
        24          4          0          0          0         84   noretval__2printf.o
       138          0          0          0          0         68   rt_memcpy_v6.o
       100          0          0          0          0         80   rt_memcpy_w.o
         2          0          0          0          0          0   rtexit.o
        10          0          0          0          0          0   rtexit2.o
       128          0          0          0          0         68   strcmpv7m.o
        72          0          0          0          0         80   strcpy.o
        74          0          0          0          0         80   sys_stackheap_outer.o
         2          0          0          0          0         68   use_no_semi.o
         2          0          0          0          0         68   use_no_semi_2.o
       826         16          0          0          0        348   daddsub_clz.o
       688        140          0          0          0        208   ddiv.o
        90          4          0          0          0         92   dfixu.o
        38          0          0          0          0         68   dflt_clz.o
       156          4          0          0          0         92   dnaninf.o
        12          0          0          0          0         68   dretinf.o
       430          8          0          0          0        168   faddsub_clz.o
        24          0          0          0          0         68   fcmpi.o
       388         76          0          0          0         96   fdiv.o
        62          4          0          0          0         84   ffixu.o
        38          0          0          0          0         68   fflt_clz.o
       104          4          0          0          0         84   fleqf.o
       258          4          0          0          0         84   fmul.o
       140          4          0          0          0         84   fnaninf.o
        10          0          0          0          0         68   fretinf.o
        98          0          0          0          0         68   frleqf.o
         0          0          0          0          0          0   usenofp.o

    ----------------------------------------------------------------------
      5594        314         60          0         96       3848   Library Totals
        18          0          3          0          0          0   (incl. Padding)

    ----------------------------------------------------------------------

      Code (inc. data)   RO Data    RW Data    ZI Data      Debug   Library Name

      2214         50         57          0         96       2100   c_w.l
      3362        264          0          0          0       1748   fz_ws.l

    ----------------------------------------------------------------------
      5594        314         60          0         96       3848   Library Totals

    ----------------------------------------------------------------------

==============================================================================


      Code (inc. data)   RO Data    RW Data    ZI Data      Debug   

     44312       3094       3400        456      50428     493085   Grand Totals
     44312       3094       3400        144      50428     493085   ELF Image Totals (compressed)
     44312       3094       3400        144          0          0   ROM Totals

==============================================================================

    Total RO  Size (Code + RO Data)                47712 (  46.59kB)
    Total RW  Size (RW Data + ZI Data)             50884 (  49.69kB)
    Total ROM Size (Code + RO Data + RW Data)      47856 (  46.73kB)

==============================================================================

